# Asahi Linux System Diagnostic Dump

    Collected at:   mié 13 ago 2025 15:30:42 -03 (2025-08-13T15:30:42-03:00)
    Username:       z
    Hostname:       fedora

## Device information
    Model:          (missing)
    Compatible:     (missing)

## Firmware versions
    iBoot1:         (missing)
    iBoot2:         (missing)
    SFR:            (missing)
    OS firmware:    (missing)
    m1n1 stage 2:   (missing)
    U-Boot:         (missing)

## Boot information
    ESP UUID:       (missing)
    EFI:            unavailable

## System information
    Distro:         Fedora Linux 42 (Workstation Edition)
    Kernel:         6.15.9-201.fc42.x86_64
    Kernel build:   #1 SMP PREEMPT_DYNAMIC Sat Aug  2 11:37:34 UTC 2025
    Uptime:          15:30:42 up  8:02,  2 users,  load average: 1,36, 3,05, 4,80
    Kernel cmdline: BOOT_IMAGE=(hd0,gpt2)/vmlinuz-6.15.9-201.fc42.x86_64 root=UUID=53cfceb7-6feb-4899-9ff8-ccc268f6f3e9 ro rootflags=subvol=root rhgb quiet

## Audio Configuration:
    Default profile: Default
    Pro Audio profile detected: no
    Old configuration files in `/etc/`: no
    File conflicts in `/usr/share/`: no
    Speaker detonation requested: yes
    TAS2764 quirks applied: N/A

## Environment
    COLORTERM=truecolor
    DISPLAY=:0
    GDM_LANG=es_ES.UTF-8
    GNOME_SETUP_DISPLAY=:1
    LANG=es_ES.UTF-8
    TERM=xterm-256color
    TERM_PROGRAM=WarpTerminal
    TERM_PROGRAM_VERSION=v0.2025.08.06.08.12.stable_02
    WAYLAND_DISPLAY=wayland-0
    XDG_SESSION_TYPE=wayland

## Mounts
```
/dev/sda3 / btrfs rw,seclabel,relatime,compress=zstd:1,space_cache=v2,subvolid=256,subvol=/root 0 0
rpc_pipefs /var/lib/nfs/rpc_pipefs rpc_pipefs rw,relatime 0 0
devtmpfs /dev devtmpfs rw,seclabel,nosuid,size=1748180k,nr_inodes=437045,mode=755,inode64 0 0
tmpfs /dev/shm tmpfs rw,seclabel,nosuid,nodev,inode64 0 0
devpts /dev/pts devpts rw,seclabel,nosuid,noexec,relatime,gid=5,mode=620,ptmxmode=000 0 0
sysfs /sys sysfs rw,seclabel,nosuid,nodev,noexec,relatime 0 0
securityfs /sys/kernel/security securityfs rw,nosuid,nodev,noexec,relatime 0 0
cgroup2 /sys/fs/cgroup cgroup2 rw,seclabel,nosuid,nodev,noexec,relatime,nsdelegate,memory_recursiveprot 0 0
none /sys/fs/pstore pstore rw,seclabel,nosuid,nodev,noexec,relatime 0 0
bpf /sys/fs/bpf bpf rw,nosuid,nodev,noexec,relatime,mode=700 0 0
configfs /sys/kernel/config configfs rw,nosuid,nodev,noexec,relatime 0 0
proc /proc proc rw,nosuid,nodev,noexec,relatime 0 0
tmpfs /run tmpfs rw,seclabel,nosuid,nodev,size=718204k,nr_inodes=819200,mode=755,inode64 0 0
selinuxfs /sys/fs/selinux selinuxfs rw,nosuid,noexec,relatime 0 0
systemd-1 /proc/sys/fs/binfmt_misc autofs rw,relatime,fd=39,pgrp=1,timeout=0,minproto=5,maxproto=5,direct,pipe_ino=7017 0 0
debugfs /sys/kernel/debug debugfs rw,seclabel,nosuid,nodev,noexec,relatime 0 0
hugetlbfs /dev/hugepages hugetlbfs rw,seclabel,nosuid,nodev,relatime,pagesize=2M 0 0
tracefs /sys/kernel/tracing tracefs rw,seclabel,nosuid,nodev,noexec,relatime 0 0
mqueue /dev/mqueue mqueue rw,seclabel,nosuid,nodev,noexec,relatime 0 0
tmpfs /run/credentials/systemd-journald.service tmpfs ro,seclabel,nosuid,nodev,noexec,relatime,nosymfollow,size=1024k,nr_inodes=1024,mode=700,inode64,noswap 0 0
fusectl /sys/fs/fuse/connections fusectl rw,nosuid,nodev,noexec,relatime 0 0
tmpfs /tmp tmpfs rw,seclabel,nosuid,nodev,size=1795512k,nr_inodes=1048576,inode64 0 0
/dev/sda2 /boot ext4 rw,seclabel,relatime 0 0
/dev/sda3 /home btrfs rw,seclabel,relatime,compress=zstd:1,space_cache=v2,subvolid=257,subvol=/home 0 0
tmpfs /run/credentials/systemd-resolved.service tmpfs ro,seclabel,nosuid,nodev,noexec,relatime,nosymfollow,size=1024k,nr_inodes=1024,mode=700,inode64,noswap 0 0
binfmt_misc /proc/sys/fs/binfmt_misc binfmt_misc rw,nosuid,nodev,noexec,relatime 0 0
tmpfs /run/user/1000 tmpfs rw,seclabel,nosuid,nodev,relatime,size=359100k,nr_inodes=89775,mode=700,uid=1000,gid=1000,inode64 0 0
gvfsd-fuse /run/user/1000/gvfs fuse.gvfsd-fuse rw,nosuid,nodev,relatime,user_id=1000,group_id=1000 0 0
portal /run/user/1000/doc fuse.portal rw,nosuid,nodev,relatime,user_id=1000,group_id=1000 0 0
none /sys/kernel/config configfs rw,relatime 0 0
```

## Package versions
```
el paquete alsa-ucm-asahi no está instalado
el paquete asahi-audio no está instalado
el paquete asahi-fwextract no está instalado
el paquete asahi-platform-metapackage no está instalado
el paquete asahi-repos no está instalado
el paquete dracut-asahi no está instalado
el paquete fedora-asahi-remix-scripts no está instalado
el paquete kernel-16k no está instalado
el paquete kernel-16k-modules-extra no está instalado
el paquete m1n1 no está instalado
el paquete mesa no está instalado
el paquete speakersafetyd no está instalado
el paquete tiny-dfr no está instalado
el paquete uboot-images-armv8 no está instalado
el paquete update-m1n1 no está instalado
pipewire-1.4.7-1.fc42.x86_64
wireplumber-0.5.10-1.fc42.x86_64
```

## Block devices
```
NAME   MAJ:MIN RM   SIZE RO TYPE MOUNTPOINTS
sda      8:0    0 149,1G  0 disk 
├─sda1   8:1    0     1M  0 part 
├─sda2   8:2    0     1G  0 part /boot
└─sda3   8:3    0   148G  0 part /home
                                 /
sr0     11:0    1  1024M  0 rom  
zram0  251:0    0   3,4G  0 disk [SWAP]
```

## PCI devices
```
00:00.0 Host bridge: Advanced Micro Devices, Inc. [AMD] Family 14h Processor Root Complex
00:01.0 VGA compatible controller: Advanced Micro Devices, Inc. [AMD/ATI] Wrestler [Radeon HD 6290]
00:11.0 SATA controller: Advanced Micro Devices, Inc. [AMD/ATI] SB7x0/SB8x0/SB9x0 SATA Controller [IDE mode] (rev 40)
00:12.0 USB controller: Advanced Micro Devices, Inc. [AMD/ATI] SB7x0/SB8x0/SB9x0 USB OHCI0 Controller
00:12.2 USB controller: Advanced Micro Devices, Inc. [AMD/ATI] SB7x0/SB8x0/SB9x0 USB EHCI Controller
00:13.0 USB controller: Advanced Micro Devices, Inc. [AMD/ATI] SB7x0/SB8x0/SB9x0 USB OHCI0 Controller
00:13.2 USB controller: Advanced Micro Devices, Inc. [AMD/ATI] SB7x0/SB8x0/SB9x0 USB EHCI Controller
00:14.0 SMBus: Advanced Micro Devices, Inc. [AMD/ATI] SBx00 SMBus Controller (rev 42)
00:14.2 Audio device: Advanced Micro Devices, Inc. [AMD/ATI] SBx00 Azalia (Intel HDA) (rev 40)
00:14.3 ISA bridge: Advanced Micro Devices, Inc. [AMD/ATI] SB7x0/SB8x0/SB9x0 LPC host controller (rev 40)
00:14.4 PCI bridge: Advanced Micro Devices, Inc. [AMD/ATI] SBx00 PCI to PCI Bridge (rev 40)
00:15.0 PCI bridge: Advanced Micro Devices, Inc. [AMD/ATI] SB700/SB800/SB900 PCI to PCI bridge (PCIE port 0)
00:15.1 PCI bridge: Advanced Micro Devices, Inc. [AMD/ATI] SB700/SB800/SB900 PCI to PCI bridge (PCIE port 1)
00:18.0 Host bridge: Advanced Micro Devices, Inc. [AMD] Family 12h/14h Processor Function 0 (rev 43)
00:18.1 Host bridge: Advanced Micro Devices, Inc. [AMD] Family 12h/14h Processor Function 1
00:18.2 Host bridge: Advanced Micro Devices, Inc. [AMD] Family 12h/14h Processor Function 2
00:18.3 Host bridge: Advanced Micro Devices, Inc. [AMD] Family 12h/14h Processor Function 3
00:18.4 Host bridge: Advanced Micro Devices, Inc. [AMD] Family 12h/14h Processor Function 4
00:18.5 Host bridge: Advanced Micro Devices, Inc. [AMD] Family 12h/14h Processor Function 6
00:18.6 Host bridge: Advanced Micro Devices, Inc. [AMD] Family 12h/14h Processor Function 5
00:18.7 Host bridge: Advanced Micro Devices, Inc. [AMD] Family 12h/14h Processor Function 7
02:00.0 Ethernet controller: Qualcomm Atheros AR8152 v2.0 Fast Ethernet (rev c1)
03:00.0 Network controller: Qualcomm Atheros AR9285 Wireless Network Adapter (PCI-Express) (rev 01)
```

## Input devices
```
I: Bus=0019 Vendor=0000 Product=0001 Version=0000
N: Name="Power Button"
P: Phys=PNP0C0C/button/input0
S: Sysfs=/devices/LNXSYSTM:00/LNXSYBUS:00/PNP0C0C:00/input/input0
U: Uniq=
H: Handlers=kbd event0 
B: PROP=0
B: EV=3
B: KEY=8000 10000000000000 0

I: Bus=0019 Vendor=0000 Product=0003 Version=0000
N: Name="Sleep Button"
P: Phys=PNP0C0E/button/input0
S: Sysfs=/devices/LNXSYSTM:00/LNXSYBUS:00/PNP0C0E:00/input/input1
U: Uniq=
H: Handlers=kbd event1 
B: PROP=0
B: EV=3
B: KEY=4000 0 0

I: Bus=0019 Vendor=0000 Product=0005 Version=0000
N: Name="Lid Switch"
P: Phys=PNP0C0D/button/input0
S: Sysfs=/devices/LNXSYSTM:00/LNXSYBUS:00/PNP0C0D:00/input/input2
U: Uniq=
H: Handlers=event2 
B: PROP=0
B: EV=21
B: SW=1

I: Bus=0019 Vendor=0000 Product=0001 Version=0000
N: Name="Power Button"
P: Phys=LNXPWRBN/button/input0
S: Sysfs=/devices/LNXSYSTM:00/LNXPWRBN:00/input/input3
U: Uniq=
H: Handlers=kbd event3 
B: PROP=0
B: EV=3
B: KEY=8000 10000000000000 0

I: Bus=0011 Vendor=0001 Product=0001 Version=ab83
N: Name="AT Translated Set 2 keyboard"
P: Phys=isa0060/serio0/input0
S: Sysfs=/devices/platform/i8042/serio0/input/input4
U: Uniq=
H: Handlers=sysrq kbd leds event4 
B: PROP=0
B: EV=120013
B: KEY=402000002 3803078f800d001 feffffdfffefffff fffffffffffffffe
B: MSC=10
B: LED=7

I: Bus=0003 Vendor=275d Product=0ba6 Version=0111
N: Name="USB OPTICAL MOUSE "
P: Phys=usb-0000:00:12.0-1/input0
S: Sysfs=/devices/pci0000:00/0000:00:12.0/usb1/1-1/1-1:1.0/0003:275D:0BA6.0001/input/input7
U: Uniq=
H: Handlers=mouse0 event5 
B: PROP=0
B: EV=17
B: KEY=70000 0 0 0 0
B: REL=903
B: MSC=10

I: Bus=0011 Vendor=0002 Product=0007 Version=01b1
N: Name="SynPS/2 Synaptics TouchPad"
P: Phys=isa0060/serio1/input0
S: Sysfs=/devices/platform/i8042/serio1/input/input6
U: Uniq=
H: Handlers=mouse1 event6 
B: PROP=9
B: EV=b
B: KEY=6420 30000 0 0 0 0
B: ABS=260800011000003

I: Bus=0019 Vendor=0000 Product=0006 Version=0000
N: Name="Video Bus"
P: Phys=LNXVIDEO/video/input0
S: Sysfs=/devices/LNXSYSTM:00/LNXSYBUS:00/PNP0A08:00/LNXVIDEO:00/input/input8
U: Uniq=
H: Handlers=kbd event7 
B: PROP=0
B: EV=3
B: KEY=3e000b00000000 0 0 0

I: Bus=0019 Vendor=0000 Product=0000 Version=0000
N: Name="Ideapad extra buttons"
P: Phys=ideapad/input0
S: Sysfs=/devices/pci0000:00/0000:00:14.3/PNP0C09:00/VPC2004:00/input/input9
U: Uniq=
H: Handlers=kbd event8 rfkill 
B: PROP=0
B: EV=13
B: KEY=400040000000000 40000001c0000 0 6000000000000000 100000000000 0 181000800100c00 400000000300600 0 2
B: MSC=10

I: Bus=0010 Vendor=001f Product=0001 Version=0100
N: Name="PC Speaker"
P: Phys=isa0061/input0
S: Sysfs=/devices/platform/pcspkr/input/input10
U: Uniq=
H: Handlers=kbd event9 
B: PROP=0
B: EV=40001
B: SND=6

I: Bus=0000 Vendor=0000 Product=0000 Version=0000
N: Name="HDA ATI SB Mic"
P: Phys=ALSA
S: Sysfs=/devices/pci0000:00/0000:00:14.2/sound/card0/input11
U: Uniq=
H: Handlers=event10 
B: PROP=0
B: EV=21
B: SW=10

I: Bus=0000 Vendor=0000 Product=0000 Version=0000
N: Name="HDA ATI SB Headphone"
P: Phys=ALSA
S: Sysfs=/devices/pci0000:00/0000:00:14.2/sound/card0/input12
U: Uniq=
H: Handlers=event11 
B: PROP=0
B: EV=21
B: SW=4

I: Bus=0003 Vendor=5986 Product=0292 Version=1419
N: Name="Lenovo EasyCamera: Lenovo EasyC"
P: Phys=usb-0000:00:12.2-2/button
S: Sysfs=/devices/pci0000:00/0000:00:12.2/usb2/2-2/2-2:1.0/input/input13
U: Uniq=
H: Handlers=kbd event12 
B: PROP=0
B: EV=3
B: KEY=100000 0 0 0
```

## Loaded modules
```
Module                  Size  Used by
libcomposite          110592  8
dummy_hcd              53248  0
udc_core               98304  2 dummy_hcd,libcomposite
xfs                  3780608  0
nilfs2                360448  0
uinput                 32768  0
snd_seq_dummy          12288  0
snd_hrtimer            12288  1
nf_conntrack_netbios_ns    12288  1
nf_conntrack_broadcast    12288  1 nf_conntrack_netbios_ns
nft_fib_inet           12288  1
nft_fib_ipv4           12288  1 nft_fib_inet
nft_fib_ipv6           12288  1 nft_fib_inet
nft_fib                12288  3 nft_fib_ipv6,nft_fib_ipv4,nft_fib_inet
nft_reject_inet        12288  16
nf_reject_ipv4         12288  1 nft_reject_inet
nf_reject_ipv6         20480  1 nft_reject_inet
nft_reject             12288  1 nft_reject_inet
nft_ct                 28672  9
nft_chain_nat          12288  3
nf_nat                 65536  1 nft_chain_nat
nf_conntrack          212992  4 nf_nat,nft_ct,nf_conntrack_netbios_ns,nf_conntrack_broadcast
nf_defrag_ipv6         24576  1 nf_conntrack
nf_defrag_ipv4         12288  1 nf_conntrack
nf_tables             425984  403 nft_ct,nft_reject_inet,nft_fib_ipv6,nft_fib_ipv4,nft_chain_nat,nft_reject,nft_fib,nft_fib_inet
qrtr                   57344  2
binfmt_misc            28672  1
ath9k                 233472  0
ath9k_common           32768  1 ath9k
ath9k_hw              671744  2 ath9k_common,ath9k
mac80211             1925120  1 ath9k
uvcvideo              200704  1
snd_hda_codec_conexant    36864  1
snd_hda_codec_generic   139264  1 snd_hda_codec_conexant
uvc                    12288  1 uvcvideo
kvm_amd               249856  0
videobuf2_vmalloc      20480  1 uvcvideo
snd_hda_intel          73728  2
libarc4                12288  1 mac80211
snd_intel_dspcfg       40960  1 snd_hda_intel
ath                    40960  3 ath9k_common,ath9k,ath9k_hw
videobuf2_memops       16384  1 videobuf2_vmalloc
snd_intel_sdw_acpi     16384  1 snd_intel_dspcfg
kvm                  1486848  1 kvm_amd
snd_hda_codec         233472  3 snd_hda_codec_generic,snd_hda_codec_conexant,snd_hda_intel
videobuf2_v4l2         40960  1 uvcvideo
cfg80211             1503232  4 ath9k_common,ath9k,ath,mac80211
snd_hda_core          159744  4 snd_hda_codec_generic,snd_hda_codec_conexant,snd_hda_intel,snd_hda_codec
videobuf2_common      102400  4 videobuf2_vmalloc,videobuf2_v4l2,uvcvideo,videobuf2_memops
snd_hwdep              24576  1 snd_hda_codec
at24                   28672  0
snd_seq               135168  7 snd_seq_dummy
snd_seq_device         16384  1 snd_seq
videodev              421888  2 videobuf2_v4l2,uvcvideo
snd_pcm               212992  3 snd_hda_intel,snd_hda_codec,snd_hda_core
mc                     94208  5 videodev,videobuf2_v4l2,uvcvideo,videobuf2_common
pcspkr                 12288  0
acpi_cpufreq           32768  0
apple_mfi_fastcharge    16384  0
irqbypass              12288  1 kvm
snd_timer              57344  3 snd_seq,snd_hrtimer,snd_pcm
snd                   163840  15 snd_hda_codec_generic,snd_seq,snd_hda_codec_conexant,snd_seq_device,snd_hwdep,snd_hda_intel,snd_hda_codec,snd_timer,snd_pcm
k10temp                16384  0
i2c_piix4              40960  0
soundcore              16384  1 snd
i2c_smbus              20480  1 i2c_piix4
ideapad_laptop         53248  0
sparse_keymap          12288  1 ideapad_laptop
platform_profile       16384  1 ideapad_laptop
rfkill                 45056  7 ath9k,ideapad_laptop,cfg80211
pktcdvd                73728  0
joydev                 36864  0
loop                   45056  0
zram                   65536  1
lz4hc_compress         20480  1 zram
lz4_compress           24576  1 zram
amdgpu              20635648  0
amdxcp                 12288  1 amdgpu
gpu_sched              65536  1 amdgpu
drm_panel_backlight_quirks    12288  1 amdgpu
drm_buddy              32768  1 amdgpu
radeon               2457600  29
drm_ttm_helper         16384  2 amdgpu,radeon
ttm                   135168  3 amdgpu,radeon,drm_ttm_helper
drm_exec               12288  2 amdgpu,radeon
i2c_algo_bit           20480  2 amdgpu,radeon
drm_suballoc_helper    20480  2 amdgpu,radeon
drm_display_helper    315392  2 amdgpu,radeon
sha512_ssse3           53248  0
sha256_ssse3           36864  0
atl1c                  81920  0
sha1_ssse3             32768  0
cec                   102400  2 drm_display_helper,amdgpu
sp5100_tco             20480  0
video                  81920  3 amdgpu,radeon,ideapad_laptop
wmi                    32768  2 video,ideapad_laptop
serio_raw              20480  0
sunrpc                925696  1
iscsi_tcp              28672  0
libiscsi_tcp           40960  1 iscsi_tcp
libiscsi               94208  2 libiscsi_tcp,iscsi_tcp
scsi_transport_iscsi   192512  3 libiscsi_tcp,iscsi_tcp,libiscsi
i2c_dev                28672  0
fuse                  286720  5
cp210x                 45056  0
nfnetlink              20480  3 nf_tables
```

## Module parameters
    hid_magicmouse
        emulate_3button=Y
        emulate_scroll_wheel=Y
        report_undeciphered=N
        scroll_acceleration=N
        scroll_speed=32


## Kernel log
```
ago 13 07:28:07 fedora kernel: Linux version 6.15.9-201.fc42.x86_64 (mockbuild@fcd66b5b9bf7458aab425e003fa252bc) (gcc (GCC) 15.1.1 20250521 (Red Hat 15.1.1-2), GNU ld version 2.44-6.fc42) #1 SMP PREEMPT_DYNAMIC Sat Aug  2 11:37:34 UTC 2025
ago 13 07:28:07 fedora kernel: Command line: BOOT_IMAGE=(hd0,gpt2)/vmlinuz-6.15.9-201.fc42.x86_64 root=UUID=53cfceb7-6feb-4899-9ff8-ccc268f6f3e9 ro rootflags=subvol=root rhgb quiet
ago 13 07:28:07 fedora kernel: BIOS-provided physical RAM map:
ago 13 07:28:07 fedora kernel: BIOS-e820: [mem 0x0000000000000000-0x000000000009f7ff] usable
ago 13 07:28:07 fedora kernel: BIOS-e820: [mem 0x000000000009f800-0x000000000009ffff] reserved
ago 13 07:28:07 fedora kernel: BIOS-e820: [mem 0x00000000000e0000-0x00000000000fffff] reserved
ago 13 07:28:07 fedora kernel: BIOS-e820: [mem 0x0000000000100000-0x00000000dfb3efff] usable
ago 13 07:28:07 fedora kernel: BIOS-e820: [mem 0x00000000dfb3f000-0x00000000dfbbefff] reserved
ago 13 07:28:07 fedora kernel: BIOS-e820: [mem 0x00000000dfbbf000-0x00000000dfebefff] ACPI NVS
ago 13 07:28:07 fedora kernel: BIOS-e820: [mem 0x00000000dfebf000-0x00000000dfef5fff] ACPI data
ago 13 07:28:07 fedora kernel: BIOS-e820: [mem 0x00000000dfef6000-0x00000000dfefffff] usable
ago 13 07:28:07 fedora kernel: BIOS-e820: [mem 0x00000000dff00000-0x00000000dfffffff] reserved
ago 13 07:28:07 fedora kernel: BIOS-e820: [mem 0x00000000f8000000-0x00000000fbffffff] reserved
ago 13 07:28:07 fedora kernel: BIOS-e820: [mem 0x00000000fec00000-0x00000000fec00fff] reserved
ago 13 07:28:07 fedora kernel: BIOS-e820: [mem 0x00000000fec10000-0x00000000fec10fff] reserved
ago 13 07:28:07 fedora kernel: BIOS-e820: [mem 0x00000000fee00000-0x00000000fee00fff] reserved
ago 13 07:28:07 fedora kernel: BIOS-e820: [mem 0x00000000ffe00000-0x00000000ffffffff] reserved
ago 13 07:28:07 fedora kernel: BIOS-e820: [mem 0x0000000100000000-0x0000000106ffffff] usable
ago 13 07:28:07 fedora kernel: BIOS-e820: [mem 0x0000000107000000-0x000000011effffff] reserved
ago 13 07:28:07 fedora kernel: NX (Execute Disable) protection: active
ago 13 07:28:07 fedora kernel: APIC: Static calls initialized
ago 13 07:28:07 fedora kernel: SMBIOS 2.7 present.
ago 13 07:28:07 fedora kernel: DMI: LENOVO 20080                           /Inagua, BIOS 41CN28WW(V2.04) 05/03/2012
ago 13 07:28:07 fedora kernel: DMI: Memory slots populated: 1/2
ago 13 07:28:07 fedora kernel: tsc: Fast TSC calibration using PIT
ago 13 07:28:07 fedora kernel: tsc: Detected 997.495 MHz processor
ago 13 07:28:07 fedora kernel: e820: update [mem 0x00000000-0x00000fff] usable ==> reserved
ago 13 07:28:07 fedora kernel: e820: remove [mem 0x000a0000-0x000fffff] usable
ago 13 07:28:07 fedora kernel: last_pfn = 0x107000 max_arch_pfn = 0x400000000
ago 13 07:28:07 fedora kernel: MTRR map: 8 entries (3 fixed + 5 variable; max 20), built from 9 variable MTRRs
ago 13 07:28:07 fedora kernel: x86/PAT: Configuration [0-7]: WB  WC  UC- UC  WB  WP  UC- WT  
ago 13 07:28:07 fedora kernel: last_pfn = 0xdff00 max_arch_pfn = 0x400000000
ago 13 07:28:07 fedora kernel: found SMP MP-table at [mem 0x000fe1b0-0x000fe1bf]
ago 13 07:28:07 fedora kernel: Using GB pages for direct mapping
ago 13 07:28:07 fedora kernel: RAMDISK: [mem 0x2d81a000-0x32c04fff]
ago 13 07:28:07 fedora kernel: ACPI: Early table checksum verification disabled
ago 13 07:28:07 fedora kernel: ACPI: RSDP 0x00000000000FE020 000024 (v02 LENOVO)
ago 13 07:28:07 fedora kernel: ACPI: XSDT 0x00000000DFEF5120 000064 (v01 LENOVO CB-01    00000001      01000013)
ago 13 07:28:07 fedora kernel: ACPI: FACP 0x00000000DFEF3000 0000F4 (v04 LENOVO CB-01    00000001 ACPI 00040000)
ago 13 07:28:07 fedora kernel: ACPI: DSDT 0x00000000DFEE6000 009445 (v01 LENOVO CB-01    00000001 ACPI 00040000)
ago 13 07:28:07 fedora kernel: ACPI: FACS 0x00000000DFC98000 000040
ago 13 07:28:07 fedora kernel: ACPI: FACS 0x00000000DFC98000 000040
ago 13 07:28:07 fedora kernel: ACPI: SLIC 0x00000000DFEF4000 000176 (v01 LENOVO CB-01    00000001 ACPI 00040000)
ago 13 07:28:07 fedora kernel: ACPI: HPET 0x00000000DFEF2000 000038 (v01 LENOVO CB-01    00000001 ACPI 00040000)
ago 13 07:28:07 fedora kernel: ACPI: APIC 0x00000000DFEF1000 000084 (v02 INSYDE IS CRB   00000001 ACPI 00040000)
ago 13 07:28:07 fedora kernel: ACPI: MCFG 0x00000000DFEF0000 00003C (v01 LENOVO CB-01    00000001 ACPI 00040000)
ago 13 07:28:07 fedora kernel: ACPI: BOOT 0x00000000DFEE5000 000028 (v01 INSYDE IS CRB   00000001 ACPI 00040000)
ago 13 07:28:07 fedora kernel: ACPI: SSDT 0x00000000DFEE4000 00030C (v01 AMD    POWERNOW 00000001 AMD  00000001)
ago 13 07:28:07 fedora kernel: ACPI: SSDT 0x00000000DFEE2000 00168E (v02 AMD    ALIB     00000001 MSFT 04000000)
ago 13 07:28:07 fedora kernel: ACPI: Reserving FACP table memory at [mem 0xdfef3000-0xdfef30f3]
ago 13 07:28:07 fedora kernel: ACPI: Reserving DSDT table memory at [mem 0xdfee6000-0xdfeef444]
ago 13 07:28:07 fedora kernel: ACPI: Reserving FACS table memory at [mem 0xdfc98000-0xdfc9803f]
ago 13 07:28:07 fedora kernel: ACPI: Reserving FACS table memory at [mem 0xdfc98000-0xdfc9803f]
ago 13 07:28:07 fedora kernel: ACPI: Reserving SLIC table memory at [mem 0xdfef4000-0xdfef4175]
ago 13 07:28:07 fedora kernel: ACPI: Reserving HPET table memory at [mem 0xdfef2000-0xdfef2037]
ago 13 07:28:07 fedora kernel: ACPI: Reserving APIC table memory at [mem 0xdfef1000-0xdfef1083]
ago 13 07:28:07 fedora kernel: ACPI: Reserving MCFG table memory at [mem 0xdfef0000-0xdfef003b]
ago 13 07:28:07 fedora kernel: ACPI: Reserving BOOT table memory at [mem 0xdfee5000-0xdfee5027]
ago 13 07:28:07 fedora kernel: ACPI: Reserving SSDT table memory at [mem 0xdfee4000-0xdfee430b]
ago 13 07:28:07 fedora kernel: ACPI: Reserving SSDT table memory at [mem 0xdfee2000-0xdfee368d]
ago 13 07:28:07 fedora kernel: No NUMA configuration found
ago 13 07:28:07 fedora kernel: Faking a node at [mem 0x0000000000000000-0x0000000106ffffff]
ago 13 07:28:07 fedora kernel: NODE_DATA(0) allocated [mem 0x106fd3280-0x106ffdfff]
ago 13 07:28:07 fedora kernel: Zone ranges:
ago 13 07:28:07 fedora kernel:   DMA      [mem 0x0000000000001000-0x0000000000ffffff]
ago 13 07:28:07 fedora kernel:   DMA32    [mem 0x0000000001000000-0x00000000ffffffff]
ago 13 07:28:07 fedora kernel:   Normal   [mem 0x0000000100000000-0x0000000106ffffff]
ago 13 07:28:07 fedora kernel:   Device   empty
ago 13 07:28:07 fedora kernel: Movable zone start for each node
ago 13 07:28:07 fedora kernel: Early memory node ranges
ago 13 07:28:07 fedora kernel:   node   0: [mem 0x0000000000001000-0x000000000009efff]
ago 13 07:28:07 fedora kernel:   node   0: [mem 0x0000000000100000-0x00000000dfb3efff]
ago 13 07:28:07 fedora kernel:   node   0: [mem 0x00000000dfef6000-0x00000000dfefffff]
ago 13 07:28:07 fedora kernel:   node   0: [mem 0x0000000100000000-0x0000000106ffffff]
ago 13 07:28:07 fedora kernel: Initmem setup node 0 [mem 0x0000000000001000-0x0000000106ffffff]
ago 13 07:28:07 fedora kernel: On node 0, zone DMA: 1 pages in unavailable ranges
ago 13 07:28:07 fedora kernel: On node 0, zone DMA: 97 pages in unavailable ranges
ago 13 07:28:07 fedora kernel: On node 0, zone DMA32: 951 pages in unavailable ranges
ago 13 07:28:07 fedora kernel: On node 0, zone Normal: 256 pages in unavailable ranges
ago 13 07:28:07 fedora kernel: On node 0, zone Normal: 4096 pages in unavailable ranges
ago 13 07:28:07 fedora kernel: ACPI: PM-Timer IO Port: 0x408
ago 13 07:28:07 fedora kernel: CPU topo: Ignoring hot-pluggable APIC ID 0 in present package.
ago 13 07:28:07 fedora kernel: ACPI: LAPIC_NMI (acpi_id[0x00] high edge lint[0x1])
ago 13 07:28:07 fedora kernel: ACPI: LAPIC_NMI (acpi_id[0x01] high edge lint[0x1])
ago 13 07:28:07 fedora kernel: ACPI: LAPIC_NMI (acpi_id[0x02] high edge lint[0x1])
ago 13 07:28:07 fedora kernel: ACPI: LAPIC_NMI (acpi_id[0x03] high edge lint[0x1])
ago 13 07:28:07 fedora kernel: IOAPIC[0]: apic_id 4, version 33, address 0xfec00000, GSI 0-23
ago 13 07:28:07 fedora kernel: ACPI: INT_SRC_OVR (bus 0 bus_irq 0 global_irq 2 dfl dfl)
ago 13 07:28:07 fedora kernel: ACPI: INT_SRC_OVR (bus 0 bus_irq 9 global_irq 9 low level)
ago 13 07:28:07 fedora kernel: ACPI: Using ACPI (MADT) for SMP configuration information
ago 13 07:28:07 fedora kernel: ACPI: HPET id: 0x43538210 base: 0xfed00000
ago 13 07:28:07 fedora kernel: CPU topo: Max. logical packages:   1
ago 13 07:28:07 fedora kernel: CPU topo: Max. logical dies:       1
ago 13 07:28:07 fedora kernel: CPU topo: Max. dies per package:   1
ago 13 07:28:07 fedora kernel: CPU topo: Max. threads per core:   1
ago 13 07:28:07 fedora kernel: CPU topo: Num. cores per package:     2
ago 13 07:28:07 fedora kernel: CPU topo: Num. threads per package:   2
ago 13 07:28:07 fedora kernel: CPU topo: Allowing 2 present CPUs plus 0 hotplug CPUs
ago 13 07:28:07 fedora kernel: CPU topo: Rejected CPUs 2
ago 13 07:28:07 fedora kernel: PM: hibernation: Registered nosave memory: [mem 0x00000000-0x00000fff]
ago 13 07:28:07 fedora kernel: PM: hibernation: Registered nosave memory: [mem 0x0009f000-0x000fffff]
ago 13 07:28:07 fedora kernel: PM: hibernation: Registered nosave memory: [mem 0xdfb3f000-0xdfef5fff]
ago 13 07:28:07 fedora kernel: PM: hibernation: Registered nosave memory: [mem 0xdff00000-0xffffffff]
ago 13 07:28:07 fedora kernel: [mem 0xe0000000-0xf7ffffff] available for PCI devices
ago 13 07:28:07 fedora kernel: Booting paravirtualized kernel on bare hardware
ago 13 07:28:07 fedora kernel: clocksource: refined-jiffies: mask: 0xffffffff max_cycles: 0xffffffff, max_idle_ns: 1910969940391419 ns
ago 13 07:28:07 fedora kernel: setup_percpu: NR_CPUS:8192 nr_cpumask_bits:2 nr_cpu_ids:2 nr_node_ids:1
ago 13 07:28:07 fedora kernel: percpu: Embedded 83 pages/cpu s217088 r8192 d114688 u1048576
ago 13 07:28:07 fedora kernel: pcpu-alloc: s217088 r8192 d114688 u1048576 alloc=1*2097152
ago 13 07:28:07 fedora kernel: pcpu-alloc: [0] 0 1 
ago 13 07:28:07 fedora kernel: Kernel command line: BOOT_IMAGE=(hd0,gpt2)/vmlinuz-6.15.9-201.fc42.x86_64 root=UUID=53cfceb7-6feb-4899-9ff8-ccc268f6f3e9 ro rootflags=subvol=root rhgb quiet
ago 13 07:28:07 fedora kernel: Unknown kernel command line parameters "rhgb BOOT_IMAGE=(hd0,gpt2)/vmlinuz-6.15.9-201.fc42.x86_64", will be passed to user space.
ago 13 07:28:07 fedora kernel: printk: log buffer data + meta data: 262144 + 917504 = 1179648 bytes
ago 13 07:28:07 fedora kernel: Dentry cache hash table entries: 524288 (order: 10, 4194304 bytes, linear)
ago 13 07:28:07 fedora kernel: Inode-cache hash table entries: 262144 (order: 9, 2097152 bytes, linear)
ago 13 07:28:07 fedora kernel: software IO TLB: area num 2.
ago 13 07:28:07 fedora kernel: Fallback order for Node 0: 0 
ago 13 07:28:07 fedora kernel: Built 1 zonelists, mobility grouping on.  Total pages: 944871
ago 13 07:28:07 fedora kernel: Policy zone: Normal
ago 13 07:28:07 fedora kernel: mem auto-init: stack:all(zero), heap alloc:on, heap free:off
ago 13 07:28:07 fedora kernel: SLUB: HWalign=64, Order=0-3, MinObjects=0, CPUs=2, Nodes=1
ago 13 07:28:07 fedora kernel: ftrace: allocating 60954 entries in 240 pages
ago 13 07:28:07 fedora kernel: ftrace: allocated 240 pages with 4 groups
ago 13 07:28:07 fedora kernel: Dynamic Preempt: lazy
ago 13 07:28:07 fedora kernel: rcu: Preemptible hierarchical RCU implementation.
ago 13 07:28:07 fedora kernel: rcu:         RCU event tracing is enabled.
ago 13 07:28:07 fedora kernel: rcu:         RCU restricting CPUs from NR_CPUS=8192 to nr_cpu_ids=2.
ago 13 07:28:07 fedora kernel:         Trampoline variant of Tasks RCU enabled.
ago 13 07:28:07 fedora kernel:         Rude variant of Tasks RCU enabled.
ago 13 07:28:07 fedora kernel:         Tracing variant of Tasks RCU enabled.
ago 13 07:28:07 fedora kernel: rcu: RCU calculated value of scheduler-enlistment delay is 100 jiffies.
ago 13 07:28:07 fedora kernel: rcu: Adjusting geometry for rcu_fanout_leaf=16, nr_cpu_ids=2
ago 13 07:28:07 fedora kernel: RCU Tasks: Setting shift to 1 and lim to 1 rcu_task_cb_adjust=1 rcu_task_cpu_ids=2.
ago 13 07:28:07 fedora kernel: RCU Tasks Rude: Setting shift to 1 and lim to 1 rcu_task_cb_adjust=1 rcu_task_cpu_ids=2.
ago 13 07:28:07 fedora kernel: RCU Tasks Trace: Setting shift to 1 and lim to 1 rcu_task_cb_adjust=1 rcu_task_cpu_ids=2.
ago 13 07:28:07 fedora kernel: NR_IRQS: 524544, nr_irqs: 440, preallocated irqs: 16
ago 13 07:28:07 fedora kernel: rcu: srcu_init: Setting srcu_struct sizes based on contention.
ago 13 07:28:07 fedora kernel: kfence: initialized - using 2097152 bytes for 255 objects at 0x(____ptrval____)-0x(____ptrval____)
ago 13 07:28:07 fedora kernel: Console: colour VGA+ 80x25
ago 13 07:28:07 fedora kernel: printk: legacy console [tty0] enabled
ago 13 07:28:07 fedora kernel: ACPI: Core revision 20240827
ago 13 07:28:07 fedora kernel: clocksource: hpet: mask: 0xffffffff max_cycles: 0xffffffff, max_idle_ns: 133484873504 ns
ago 13 07:28:07 fedora kernel: APIC: Switch to symmetric I/O mode setup
ago 13 07:28:07 fedora kernel: ..TIMER: vector=0x30 apic1=0 pin1=2 apic2=-1 pin2=-1
ago 13 07:28:07 fedora kernel: clocksource: tsc-early: mask: 0xffffffffffffffff max_cycles: 0x1cc1b171e34, max_idle_ns: 881590433964 ns
ago 13 07:28:07 fedora kernel: Calibrating delay loop (skipped), value calculated using timer frequency.. 1994.99 BogoMIPS (lpj=997495)
ago 13 07:28:07 fedora kernel: Last level iTLB entries: 4KB 512, 2MB 8, 4MB 4
ago 13 07:28:07 fedora kernel: Last level dTLB entries: 4KB 512, 2MB 8, 4MB 4, 1GB 0
ago 13 07:28:07 fedora kernel: Spectre V1 : Mitigation: usercopy/swapgs barriers and __user pointer sanitization
ago 13 07:28:07 fedora kernel: Spectre V2 : Mitigation: Retpolines
ago 13 07:28:07 fedora kernel: Spectre V2 : Spectre v2 / SpectreRSB: Filling RSB on context switch and VMEXIT
ago 13 07:28:07 fedora kernel: Speculative Store Bypass: Vulnerable
ago 13 07:28:07 fedora kernel: x86/fpu: x87 FPU will use FXSAVE
ago 13 07:28:07 fedora kernel: Freeing SMP alternatives memory: 56K
ago 13 07:28:07 fedora kernel: pid_max: default: 32768 minimum: 301
ago 13 07:28:07 fedora kernel: LSM: initializing lsm=lockdown,capability,yama,selinux,bpf,landlock,ipe,ima,evm
ago 13 07:28:07 fedora kernel: Yama: becoming mindful.
ago 13 07:28:07 fedora kernel: SELinux:  Initializing.
ago 13 07:28:07 fedora kernel: LSM support for eBPF active
ago 13 07:28:07 fedora kernel: landlock: Up and running.
ago 13 07:28:07 fedora kernel: Mount-cache hash table entries: 8192 (order: 4, 65536 bytes, linear)
ago 13 07:28:07 fedora kernel: Mountpoint-cache hash table entries: 8192 (order: 4, 65536 bytes, linear)
ago 13 07:28:07 fedora kernel: smpboot: CPU0: AMD C-60 APU with Radeon(tm) HD Graphics (family: 0x14, model: 0x2, stepping: 0x0)
ago 13 07:28:07 fedora kernel: Performance Events: AMD PMU driver.
ago 13 07:28:07 fedora kernel: ... version:                0
ago 13 07:28:07 fedora kernel: ... bit width:              48
ago 13 07:28:07 fedora kernel: ... generic registers:      4
ago 13 07:28:07 fedora kernel: ... value mask:             0000ffffffffffff
ago 13 07:28:07 fedora kernel: ... max period:             00007fffffffffff
ago 13 07:28:07 fedora kernel: ... fixed-purpose events:   0
ago 13 07:28:07 fedora kernel: ... event mask:             000000000000000f
ago 13 07:28:07 fedora kernel: signal: max sigframe size: 1440
ago 13 07:28:07 fedora kernel: rcu: Hierarchical SRCU implementation.
ago 13 07:28:07 fedora kernel: rcu:         Max phase no-delay instances is 400.
ago 13 07:28:07 fedora kernel: Timer migration: 1 hierarchy levels; 8 children per group; 1 crossnode level
ago 13 07:28:07 fedora kernel: NMI watchdog: Enabled. Permanently consumes one hw-PMU counter.
ago 13 07:28:07 fedora kernel: smp: Bringing up secondary CPUs ...
ago 13 07:28:07 fedora kernel: smpboot: x86: Booting SMP configuration:
ago 13 07:28:07 fedora kernel: .... node  #0, CPUs:      #1
ago 13 07:28:07 fedora kernel: call_irq_handler: 1.55 No irq handler for vector
ago 13 07:28:07 fedora kernel: smp: Brought up 1 node, 2 CPUs
ago 13 07:28:07 fedora kernel: smpboot: Total of 2 processors activated (3989.98 BogoMIPS)
ago 13 07:28:07 fedora kernel: Memory: 3491372K/3779484K available (21657K kernel code, 4519K rwdata, 17664K rodata, 5060K init, 4268K bss, 283120K reserved, 0K cma-reserved)
ago 13 07:28:07 fedora kernel: devtmpfs: initialized
ago 13 07:28:07 fedora kernel: x86/mm: Memory block size: 128MB
ago 13 07:28:07 fedora kernel: ACPI: PM: Registering ACPI NVS region [mem 0xdfbbf000-0xdfebefff] (3145728 bytes)
ago 13 07:28:07 fedora kernel: clocksource: jiffies: mask: 0xffffffff max_cycles: 0xffffffff, max_idle_ns: 1911260446275000 ns
ago 13 07:28:07 fedora kernel: posixtimers hash table entries: 1024 (order: 2, 16384 bytes, linear)
ago 13 07:28:07 fedora kernel: futex hash table entries: 512 (order: 3, 32768 bytes, linear)
ago 13 07:28:07 fedora kernel: pinctrl core: initialized pinctrl subsystem
ago 13 07:28:07 fedora kernel: PM: RTC time: 10:28:02, date: 2025-08-13
ago 13 07:28:07 fedora kernel: NET: Registered PF_NETLINK/PF_ROUTE protocol family
ago 13 07:28:07 fedora kernel: DMA: preallocated 512 KiB GFP_KERNEL pool for atomic allocations
ago 13 07:28:07 fedora kernel: DMA: preallocated 512 KiB GFP_KERNEL|GFP_DMA pool for atomic allocations
ago 13 07:28:07 fedora kernel: DMA: preallocated 512 KiB GFP_KERNEL|GFP_DMA32 pool for atomic allocations
ago 13 07:28:07 fedora kernel: audit: initializing netlink subsys (disabled)
ago 13 07:28:07 fedora kernel: audit: type=2000 audit(1755080881.237:1): state=initialized audit_enabled=0 res=1
ago 13 07:28:07 fedora kernel: thermal_sys: Registered thermal governor 'fair_share'
ago 13 07:28:07 fedora kernel: thermal_sys: Registered thermal governor 'bang_bang'
ago 13 07:28:07 fedora kernel: thermal_sys: Registered thermal governor 'step_wise'
ago 13 07:28:07 fedora kernel: thermal_sys: Registered thermal governor 'user_space'
ago 13 07:28:07 fedora kernel: cpuidle: using governor menu
ago 13 07:28:07 fedora kernel: Simple Boot Flag at 0x44 set to 0x1
ago 13 07:28:07 fedora kernel: acpiphp: ACPI Hot Plug PCI Controller Driver version: 0.5
ago 13 07:28:07 fedora kernel: PCI: ECAM [mem 0xf8000000-0xfbffffff] (base 0xf8000000) for domain 0000 [bus 00-3f]
ago 13 07:28:07 fedora kernel: PCI: ECAM [mem 0xf8000000-0xfbffffff] reserved as E820 entry
ago 13 07:28:07 fedora kernel: PCI: Using configuration type 1 for base access
ago 13 07:28:07 fedora kernel: kprobes: kprobe jump-optimization is enabled. All kprobes are optimized if possible.
ago 13 07:28:07 fedora kernel: HugeTLB: allocation took 0ms with hugepage_allocation_threads=1
ago 13 07:28:07 fedora kernel: HugeTLB: registered 1.00 GiB page size, pre-allocated 0 pages
ago 13 07:28:07 fedora kernel: HugeTLB: 16380 KiB vmemmap can be freed for a 1.00 GiB page
ago 13 07:28:07 fedora kernel: HugeTLB: registered 2.00 MiB page size, pre-allocated 0 pages
ago 13 07:28:07 fedora kernel: HugeTLB: 28 KiB vmemmap can be freed for a 2.00 MiB page
ago 13 07:28:07 fedora kernel: cryptd: max_cpu_qlen set to 1000
ago 13 07:28:07 fedora kernel: raid6: skipped pq benchmark and selected sse2x4
ago 13 07:28:07 fedora kernel: raid6: using ssse3x2 recovery algorithm
ago 13 07:28:07 fedora kernel: ACPI: Added _OSI(Module Device)
ago 13 07:28:07 fedora kernel: ACPI: Added _OSI(Processor Device)
ago 13 07:28:07 fedora kernel: ACPI: Added _OSI(Processor Aggregator Device)
ago 13 07:28:07 fedora kernel: ACPI: 3 ACPI AML tables successfully acquired and loaded
ago 13 07:28:07 fedora kernel: ACPI: [Firmware Bug]: BIOS _OSI(Linux) query ignored
ago 13 07:28:07 fedora kernel: ACPI: EC: EC started
ago 13 07:28:07 fedora kernel: ACPI: EC: interrupt blocked
ago 13 07:28:07 fedora kernel: ACPI: EC: EC_CMD/EC_SC=0x66, EC_DATA=0x62
ago 13 07:28:07 fedora kernel: ACPI: \_SB_.PCI0.LPC0.EC0_: Boot DSDT EC used to handle transactions
ago 13 07:28:07 fedora kernel: ACPI: Interpreter enabled
ago 13 07:28:07 fedora kernel: ACPI: PM: (supports S0 S3 S4 S5)
ago 13 07:28:07 fedora kernel: ACPI: Using IOAPIC for interrupt routing
ago 13 07:28:07 fedora kernel: PCI: Using host bridge windows from ACPI; if necessary, use "pci=nocrs" and report a bug
ago 13 07:28:07 fedora kernel: PCI: Using E820 reservations for host bridge windows
ago 13 07:28:07 fedora kernel: ACPI: Enabled 3 GPEs in block 00 to 1F
ago 13 07:28:07 fedora kernel: ACPI: PCI Root Bridge [PCI0] (domain 0000 [bus 00-ff])
ago 13 07:28:07 fedora kernel: acpi PNP0A08:00: _OSC: OS supports [ExtendedConfig ASPM ClockPM Segments MSI EDR HPX-Type3]
ago 13 07:28:07 fedora kernel: acpi PNP0A08:00: _OSC: OS requested [PCIeHotplug SHPCHotplug PME AER PCIeCapability LTR DPC]
ago 13 07:28:07 fedora kernel: acpi PNP0A08:00: _OSC: platform willing to grant [PCIeHotplug SHPCHotplug PME AER PCIeCapability LTR DPC]
ago 13 07:28:07 fedora kernel: acpi PNP0A08:00: _OSC: platform retains control of PCIe features (AE_ERROR)
ago 13 07:28:07 fedora kernel: acpi PNP0A08:00: [Firmware Info]: ECAM [mem 0xf8000000-0xfbffffff] for domain 0000 [bus 00-3f] only partially covers this bridge
ago 13 07:28:07 fedora kernel: acpi PNP0A08:00: ignoring host bridge window [mem 0x000cc000-0x000cffff window] (conflicts with Video ROM [mem 0x000c0000-0x000ce3ff])
ago 13 07:28:07 fedora kernel: PCI host bridge to bus 0000:00
ago 13 07:28:07 fedora kernel: pci_bus 0000:00: root bus resource [io  0x0000-0x0cf7 window]
ago 13 07:28:07 fedora kernel: pci_bus 0000:00: root bus resource [io  0x0d00-0xffff window]
ago 13 07:28:07 fedora kernel: pci_bus 0000:00: root bus resource [mem 0x000a0000-0x000bffff window]
ago 13 07:28:07 fedora kernel: pci_bus 0000:00: root bus resource [mem 0x000c0000-0x000cbfff window]
ago 13 07:28:07 fedora kernel: pci_bus 0000:00: root bus resource [mem 0x000d0000-0x000effff window]
ago 13 07:28:07 fedora kernel: pci_bus 0000:00: root bus resource [mem 0xe0000000-0xf7ffffff window]
ago 13 07:28:07 fedora kernel: pci_bus 0000:00: root bus resource [mem 0xfc000000-0xffffffff window]
ago 13 07:28:07 fedora kernel: pci_bus 0000:00: root bus resource [bus 00-ff]
ago 13 07:28:07 fedora kernel: pci 0000:00:00.0: [1022:1510] type 00 class 0x060000 conventional PCI endpoint
ago 13 07:28:07 fedora kernel: pci 0000:00:01.0: [1002:9807] type 00 class 0x030000 PCIe Root Complex Integrated Endpoint
ago 13 07:28:07 fedora kernel: pci 0000:00:01.0: BAR 0 [mem 0xe0000000-0xefffffff pref]
ago 13 07:28:07 fedora kernel: pci 0000:00:01.0: BAR 1 [io  0x3000-0x30ff]
ago 13 07:28:07 fedora kernel: pci 0000:00:01.0: BAR 2 [mem 0xf0200000-0xf023ffff]
ago 13 07:28:07 fedora kernel: pci 0000:00:01.0: enabling Extended Tags
ago 13 07:28:07 fedora kernel: pci 0000:00:01.0: Video device with shadowed ROM at [mem 0x000c0000-0x000dffff]
ago 13 07:28:07 fedora kernel: pci 0000:00:01.0: supports D1 D2
ago 13 07:28:07 fedora kernel: pci 0000:00:11.0: [1002:4390] type 00 class 0x01018f conventional PCI endpoint
ago 13 07:28:07 fedora kernel: pci 0000:00:11.0: BAR 0 [io  0x3118-0x311f]
ago 13 07:28:07 fedora kernel: pci 0000:00:11.0: BAR 1 [io  0x3124-0x3127]
ago 13 07:28:07 fedora kernel: pci 0000:00:11.0: BAR 2 [io  0x3110-0x3117]
ago 13 07:28:07 fedora kernel: pci 0000:00:11.0: BAR 3 [io  0x3120-0x3123]
ago 13 07:28:07 fedora kernel: pci 0000:00:11.0: BAR 4 [io  0x3100-0x310f]
ago 13 07:28:07 fedora kernel: pci 0000:00:11.0: BAR 5 [mem 0xf0248000-0xf02483ff]
ago 13 07:28:07 fedora kernel: pci 0000:00:11.0: set SATA to AHCI mode
ago 13 07:28:07 fedora kernel: pci 0000:00:12.0: [1002:4397] type 00 class 0x0c0310 conventional PCI endpoint
ago 13 07:28:07 fedora kernel: pci 0000:00:12.0: BAR 0 [mem 0xf0247000-0xf0247fff]
ago 13 07:28:07 fedora kernel: pci 0000:00:12.2: [1002:4396] type 00 class 0x0c0320 conventional PCI endpoint
ago 13 07:28:07 fedora kernel: pci 0000:00:12.2: BAR 0 [mem 0xf0246000-0xf02460ff]
ago 13 07:28:07 fedora kernel: pci 0000:00:12.2: supports D1 D2
ago 13 07:28:07 fedora kernel: pci 0000:00:12.2: PME# supported from D0 D1 D2 D3hot
ago 13 07:28:07 fedora kernel: pci 0000:00:13.0: [1002:4397] type 00 class 0x0c0310 conventional PCI endpoint
ago 13 07:28:07 fedora kernel: pci 0000:00:13.0: BAR 0 [mem 0xf0245000-0xf0245fff]
ago 13 07:28:07 fedora kernel: pci 0000:00:13.2: [1002:4396] type 00 class 0x0c0320 conventional PCI endpoint
ago 13 07:28:07 fedora kernel: pci 0000:00:13.2: BAR 0 [mem 0xf0244000-0xf02440ff]
ago 13 07:28:07 fedora kernel: pci 0000:00:13.2: supports D1 D2
ago 13 07:28:07 fedora kernel: pci 0000:00:13.2: PME# supported from D0 D1 D2 D3hot
ago 13 07:28:07 fedora kernel: pci 0000:00:14.0: [1002:4385] type 00 class 0x0c0500 conventional PCI endpoint
ago 13 07:28:07 fedora kernel: pci 0000:00:14.2: [1002:4383] type 00 class 0x040300 conventional PCI endpoint
ago 13 07:28:07 fedora kernel: pci 0000:00:14.2: BAR 0 [mem 0xf0240000-0xf0243fff 64bit]
ago 13 07:28:07 fedora kernel: pci 0000:00:14.2: PME# supported from D0 D3hot D3cold
ago 13 07:28:07 fedora kernel: pci 0000:00:14.3: [1002:439d] type 00 class 0x060100 conventional PCI endpoint
ago 13 07:28:07 fedora kernel: pci 0000:00:14.4: [1002:4384] type 01 class 0x060401 conventional PCI bridge
ago 13 07:28:07 fedora kernel: pci 0000:00:14.4: PCI bridge to [bus 01] (subtractive decode)
ago 13 07:28:07 fedora kernel: pci 0000:00:15.0: [1002:43a0] type 01 class 0x060400 PCIe Root Port
ago 13 07:28:07 fedora kernel: pci 0000:00:15.0: PCI bridge to [bus 02]
ago 13 07:28:07 fedora kernel: pci 0000:00:15.0:   bridge window [io  0x2000-0x2fff]
ago 13 07:28:08 fedora kernel: pci 0000:00:15.0:   bridge window [mem 0xf0100000-0xf01fffff]
ago 13 07:28:08 fedora kernel: pci 0000:00:15.0: enabling Extended Tags
ago 13 07:28:08 fedora kernel: pci 0000:00:15.0: supports D1 D2
ago 13 07:28:08 fedora kernel: pci 0000:00:15.1: [1002:43a1] type 01 class 0x060400 PCIe Root Port
ago 13 07:28:08 fedora kernel: pci 0000:00:15.1: PCI bridge to [bus 03]
ago 13 07:28:08 fedora kernel: pci 0000:00:15.1:   bridge window [mem 0xf0000000-0xf00fffff]
ago 13 07:28:08 fedora kernel: pci 0000:00:15.1: enabling Extended Tags
ago 13 07:28:08 fedora kernel: pci 0000:00:15.1: supports D1 D2
ago 13 07:28:08 fedora kernel: pci 0000:00:18.0: [1022:1700] type 00 class 0x060000 conventional PCI endpoint
ago 13 07:28:08 fedora kernel: pci 0000:00:18.1: [1022:1701] type 00 class 0x060000 conventional PCI endpoint
ago 13 07:28:08 fedora kernel: pci 0000:00:18.2: [1022:1702] type 00 class 0x060000 conventional PCI endpoint
ago 13 07:28:08 fedora kernel: pci 0000:00:18.3: [1022:1703] type 00 class 0x060000 conventional PCI endpoint
ago 13 07:28:08 fedora kernel: pci 0000:00:18.4: [1022:1704] type 00 class 0x060000 conventional PCI endpoint
ago 13 07:28:08 fedora kernel: pci 0000:00:18.5: [1022:1718] type 00 class 0x060000 conventional PCI endpoint
ago 13 07:28:08 fedora kernel: pci 0000:00:18.6: [1022:1716] type 00 class 0x060000 conventional PCI endpoint
ago 13 07:28:08 fedora kernel: pci 0000:00:18.7: [1022:1719] type 00 class 0x060000 conventional PCI endpoint
ago 13 07:28:08 fedora kernel: pci_bus 0000:01: extended config space not accessible
ago 13 07:28:08 fedora kernel: pci 0000:00:14.4: PCI bridge to [bus 01] (subtractive decode)
ago 13 07:28:08 fedora kernel: pci 0000:00:14.4:   bridge window [io  0x0000-0x0cf7 window] (subtractive decode)
ago 13 07:28:08 fedora kernel: pci 0000:00:14.4:   bridge window [io  0x0d00-0xffff window] (subtractive decode)
ago 13 07:28:08 fedora kernel: pci 0000:00:14.4:   bridge window [mem 0x000a0000-0x000bffff window] (subtractive decode)
ago 13 07:28:08 fedora kernel: pci 0000:00:14.4:   bridge window [mem 0x000c0000-0x000cbfff window] (subtractive decode)
ago 13 07:28:08 fedora kernel: pci 0000:00:14.4:   bridge window [mem 0x000d0000-0x000effff window] (subtractive decode)
ago 13 07:28:08 fedora kernel: pci 0000:00:14.4:   bridge window [mem 0xe0000000-0xf7ffffff window] (subtractive decode)
ago 13 07:28:08 fedora kernel: pci 0000:00:14.4:   bridge window [mem 0xfc000000-0xffffffff window] (subtractive decode)
ago 13 07:28:08 fedora kernel: pci 0000:02:00.0: [1969:2062] type 00 class 0x020000 PCIe Endpoint
ago 13 07:28:08 fedora kernel: pci 0000:02:00.0: BAR 0 [mem 0xf0100000-0xf013ffff 64bit]
ago 13 07:28:08 fedora kernel: pci 0000:02:00.0: BAR 2 [io  0x2000-0x207f]
ago 13 07:28:08 fedora kernel: pci 0000:02:00.0: [Firmware Bug]: disabling VPD access (can't determine size of non-standard VPD format)
ago 13 07:28:08 fedora kernel: pci 0000:02:00.0: PME# supported from D0 D1 D2 D3hot D3cold
ago 13 07:28:08 fedora kernel: pci 0000:00:15.0: PCI bridge to [bus 02]
ago 13 07:28:08 fedora kernel: pci 0000:03:00.0: [168c:002b] type 00 class 0x028000 PCIe Legacy Endpoint
ago 13 07:28:08 fedora kernel: pci 0000:03:00.0: BAR 0 [mem 0xf0000000-0xf000ffff 64bit]
ago 13 07:28:08 fedora kernel: pci 0000:03:00.0: supports D1
ago 13 07:28:08 fedora kernel: pci 0000:03:00.0: PME# supported from D0 D1 D3hot
ago 13 07:28:08 fedora kernel: pci 0000:00:15.1: PCI bridge to [bus 03]
ago 13 07:28:08 fedora kernel: ACPI: PCI: Interrupt link LNKA configured for IRQ 0
ago 13 07:28:08 fedora kernel: ACPI: PCI: Interrupt link LNKB configured for IRQ 0
ago 13 07:28:08 fedora kernel: ACPI: PCI: Interrupt link LNKC configured for IRQ 0
ago 13 07:28:08 fedora kernel: ACPI: PCI: Interrupt link LNKD configured for IRQ 0
ago 13 07:28:08 fedora kernel: ACPI: PCI: Interrupt link LNKE configured for IRQ 0
ago 13 07:28:08 fedora kernel: ACPI: PCI: Interrupt link LNKF configured for IRQ 0
ago 13 07:28:08 fedora kernel: ACPI: PCI: Interrupt link LNKG configured for IRQ 0
ago 13 07:28:08 fedora kernel: ACPI: PCI: Interrupt link LNKH configured for IRQ 0
ago 13 07:28:08 fedora kernel: ACPI: EC: interrupt unblocked
ago 13 07:28:08 fedora kernel: ACPI: EC: event unblocked
ago 13 07:28:08 fedora kernel: ACPI: EC: EC_CMD/EC_SC=0x66, EC_DATA=0x62
ago 13 07:28:08 fedora kernel: ACPI: EC: GPE=0x3
ago 13 07:28:08 fedora kernel: ACPI: \_SB_.PCI0.LPC0.EC0_: Boot DSDT EC initialization complete
ago 13 07:28:08 fedora kernel: ACPI: \_SB_.PCI0.LPC0.EC0_: EC: Used to handle transactions and events
ago 13 07:28:08 fedora kernel: iommu: Default domain type: Translated
ago 13 07:28:08 fedora kernel: iommu: DMA domain TLB invalidation policy: lazy mode
ago 13 07:28:08 fedora kernel: SCSI subsystem initialized
ago 13 07:28:08 fedora kernel: libata version 3.00 loaded.
ago 13 07:28:08 fedora kernel: ACPI: bus type USB registered
ago 13 07:28:08 fedora kernel: usbcore: registered new interface driver usbfs
ago 13 07:28:08 fedora kernel: usbcore: registered new interface driver hub
ago 13 07:28:08 fedora kernel: usbcore: registered new device driver usb
ago 13 07:28:08 fedora kernel: pps_core: LinuxPPS API ver. 1 registered
ago 13 07:28:08 fedora kernel: pps_core: Software ver. 5.3.6 - Copyright 2005-2007 Rodolfo Giometti <giometti@linux.it>
ago 13 07:28:08 fedora kernel: PTP clock support registered
ago 13 07:28:08 fedora kernel: EDAC MC: Ver: 3.0.0
ago 13 07:28:08 fedora kernel: NetLabel: Initializing
ago 13 07:28:08 fedora kernel: NetLabel:  domain hash size = 128
ago 13 07:28:08 fedora kernel: NetLabel:  protocols = UNLABELED CIPSOv4 CALIPSO
ago 13 07:28:08 fedora kernel: NetLabel:  unlabeled traffic allowed by default
ago 13 07:28:08 fedora kernel: mctp: management component transport protocol core
ago 13 07:28:08 fedora kernel: NET: Registered PF_MCTP protocol family
ago 13 07:28:08 fedora kernel: PCI: Using ACPI for IRQ routing
ago 13 07:28:08 fedora kernel: PCI: pci_cache_line_size set to 64 bytes
ago 13 07:28:08 fedora kernel: e820: reserve RAM buffer [mem 0x0009f800-0x0009ffff]
ago 13 07:28:08 fedora kernel: e820: reserve RAM buffer [mem 0xdfb3f000-0xdfffffff]
ago 13 07:28:08 fedora kernel: e820: reserve RAM buffer [mem 0xdff00000-0xdfffffff]
ago 13 07:28:08 fedora kernel: e820: reserve RAM buffer [mem 0x107000000-0x107ffffff]
ago 13 07:28:08 fedora kernel: pci 0000:00:01.0: vgaarb: setting as boot VGA device
ago 13 07:28:08 fedora kernel: pci 0000:00:01.0: vgaarb: bridge control possible
ago 13 07:28:08 fedora kernel: pci 0000:00:01.0: vgaarb: VGA device added: decodes=io+mem,owns=io+mem,locks=none
ago 13 07:28:08 fedora kernel: vgaarb: loaded
ago 13 07:28:08 fedora kernel: hpet0: at MMIO 0xfed00000, IRQs 2, 8, 0
ago 13 07:28:08 fedora kernel: hpet0: 3 comparators, 32-bit 14.318180 MHz counter
ago 13 07:28:08 fedora kernel: clocksource: Switched to clocksource tsc-early
ago 13 07:28:08 fedora kernel: VFS: Disk quotas dquot_6.6.0
ago 13 07:28:08 fedora kernel: VFS: Dquot-cache hash table entries: 512 (order 0, 4096 bytes)
ago 13 07:28:08 fedora kernel: pnp: PnP ACPI init
ago 13 07:28:08 fedora kernel: system 00:00: [mem 0xfec00000-0xfec00fff] could not be reserved
ago 13 07:28:08 fedora kernel: system 00:00: [mem 0xfee00000-0xfee00fff] has been reserved
ago 13 07:28:08 fedora kernel: system 00:04: [io  0x0400-0x04cf] has been reserved
ago 13 07:28:08 fedora kernel: system 00:04: [io  0x04d0-0x04d1] has been reserved
ago 13 07:28:08 fedora kernel: system 00:04: [io  0x04d6] has been reserved
ago 13 07:28:08 fedora kernel: system 00:04: [io  0x0680-0x06ff] has been reserved
ago 13 07:28:08 fedora kernel: system 00:04: [io  0x077a] has been reserved
ago 13 07:28:08 fedora kernel: system 00:04: [io  0x0c00-0x0c01] has been reserved
ago 13 07:28:08 fedora kernel: system 00:04: [io  0x0c14] has been reserved
ago 13 07:28:08 fedora kernel: system 00:04: [io  0x0c50-0x0c52] has been reserved
ago 13 07:28:08 fedora kernel: system 00:04: [io  0x0c6c] has been reserved
ago 13 07:28:08 fedora kernel: system 00:04: [io  0x0c6f] has been reserved
ago 13 07:28:08 fedora kernel: system 00:04: [io  0x0cd0-0x0cdb] has been reserved
ago 13 07:28:08 fedora kernel: system 00:04: [io  0xe02c-0xe02f] has been reserved
ago 13 07:28:08 fedora kernel: system 00:05: [mem 0x000e0000-0x000fffff] could not be reserved
ago 13 07:28:08 fedora kernel: system 00:05: [mem 0xffe00000-0xffffffff] has been reserved
ago 13 07:28:08 fedora kernel: pnp: PnP ACPI: found 6 devices
ago 13 07:28:08 fedora kernel: clocksource: acpi_pm: mask: 0xffffff max_cycles: 0xffffff, max_idle_ns: 2085701024 ns
ago 13 07:28:08 fedora kernel: NET: Registered PF_INET protocol family
ago 13 07:28:08 fedora kernel: IP idents hash table entries: 65536 (order: 7, 524288 bytes, linear)
ago 13 07:28:08 fedora kernel: tcp_listen_portaddr_hash hash table entries: 2048 (order: 3, 32768 bytes, linear)
ago 13 07:28:08 fedora kernel: Table-perturb hash table entries: 65536 (order: 6, 262144 bytes, linear)
ago 13 07:28:08 fedora kernel: TCP established hash table entries: 32768 (order: 6, 262144 bytes, linear)
ago 13 07:28:08 fedora kernel: TCP bind hash table entries: 32768 (order: 8, 1048576 bytes, linear)
ago 13 07:28:08 fedora kernel: TCP: Hash tables configured (established 32768 bind 32768)
ago 13 07:28:08 fedora kernel: MPTCP token hash table entries: 4096 (order: 4, 98304 bytes, linear)
ago 13 07:28:08 fedora kernel: UDP hash table entries: 2048 (order: 5, 131072 bytes, linear)
ago 13 07:28:08 fedora kernel: UDP-Lite hash table entries: 2048 (order: 5, 131072 bytes, linear)
ago 13 07:28:08 fedora kernel: NET: Registered PF_UNIX/PF_LOCAL protocol family
ago 13 07:28:08 fedora kernel: NET: Registered PF_XDP protocol family
ago 13 07:28:08 fedora kernel: pci 0000:00:14.4: PCI bridge to [bus 01]
ago 13 07:28:08 fedora kernel: pci 0000:00:15.0: PCI bridge to [bus 02]
ago 13 07:28:08 fedora kernel: pci 0000:00:15.0:   bridge window [io  0x2000-0x2fff]
ago 13 07:28:08 fedora kernel: pci 0000:00:15.0:   bridge window [mem 0xf0100000-0xf01fffff]
ago 13 07:28:08 fedora kernel: pci 0000:00:15.1: PCI bridge to [bus 03]
ago 13 07:28:08 fedora kernel: pci 0000:00:15.1:   bridge window [mem 0xf0000000-0xf00fffff]
ago 13 07:28:08 fedora kernel: pci_bus 0000:00: resource 4 [io  0x0000-0x0cf7 window]
ago 13 07:28:08 fedora kernel: pci_bus 0000:00: resource 5 [io  0x0d00-0xffff window]
ago 13 07:28:08 fedora kernel: pci_bus 0000:00: resource 6 [mem 0x000a0000-0x000bffff window]
ago 13 07:28:08 fedora kernel: pci_bus 0000:00: resource 7 [mem 0x000c0000-0x000cbfff window]
ago 13 07:28:08 fedora kernel: pci_bus 0000:00: resource 8 [mem 0x000d0000-0x000effff window]
ago 13 07:28:08 fedora kernel: pci_bus 0000:00: resource 9 [mem 0xe0000000-0xf7ffffff window]
ago 13 07:28:08 fedora kernel: pci_bus 0000:00: resource 10 [mem 0xfc000000-0xffffffff window]
ago 13 07:28:08 fedora kernel: pci_bus 0000:01: resource 4 [io  0x0000-0x0cf7 window]
ago 13 07:28:08 fedora kernel: pci_bus 0000:01: resource 5 [io  0x0d00-0xffff window]
ago 13 07:28:08 fedora kernel: pci_bus 0000:01: resource 6 [mem 0x000a0000-0x000bffff window]
ago 13 07:28:08 fedora kernel: pci_bus 0000:01: resource 7 [mem 0x000c0000-0x000cbfff window]
ago 13 07:28:08 fedora kernel: pci_bus 0000:01: resource 8 [mem 0x000d0000-0x000effff window]
ago 13 07:28:08 fedora kernel: pci_bus 0000:01: resource 9 [mem 0xe0000000-0xf7ffffff window]
ago 13 07:28:08 fedora kernel: pci_bus 0000:01: resource 10 [mem 0xfc000000-0xffffffff window]
ago 13 07:28:08 fedora kernel: pci_bus 0000:02: resource 0 [io  0x2000-0x2fff]
ago 13 07:28:08 fedora kernel: pci_bus 0000:02: resource 1 [mem 0xf0100000-0xf01fffff]
ago 13 07:28:08 fedora kernel: pci_bus 0000:03: resource 1 [mem 0xf0000000-0xf00fffff]
ago 13 07:28:08 fedora kernel: pci 0000:00:12.0: quirk_usb_early_handoff+0x0/0x1a0 took 454944 usecs
ago 13 07:28:08 fedora kernel: pci 0000:00:12.2: quirk_usb_early_handoff+0x0/0x1a0 took 10689 usecs
ago 13 07:28:08 fedora kernel: pci 0000:00:13.0: quirk_usb_early_handoff+0x0/0x1a0 took 10626 usecs
ago 13 07:28:08 fedora kernel: pci 0000:00:13.2: quirk_usb_early_handoff+0x0/0x1a0 took 10686 usecs
ago 13 07:28:08 fedora kernel: PCI: CLS 64 bytes, default 64
ago 13 07:28:08 fedora kernel: PCI-DMA: Using software bounce buffering for IO (SWIOTLB)
ago 13 07:28:08 fedora kernel: software IO TLB: mapped [mem 0x00000000dbb3f000-0x00000000dfb3f000] (64MB)
ago 13 07:28:08 fedora kernel: LVT offset 0 assigned for vector 0x400
ago 13 07:28:08 fedora kernel: Trying to unpack rootfs image as initramfs...
ago 13 07:28:08 fedora kernel: perf: AMD IBS detected (0x000000ff)
ago 13 07:28:08 fedora kernel: Initialise system trusted keyrings
ago 13 07:28:08 fedora kernel: Key type blacklist registered
ago 13 07:28:08 fedora kernel: workingset: timestamp_bits=36 max_order=20 bucket_order=0
ago 13 07:28:08 fedora kernel: integrity: Platform Keyring initialized
ago 13 07:28:08 fedora kernel: integrity: Machine keyring initialized
ago 13 07:28:08 fedora kernel: tsc: Refined TSC clocksource calibration: 997.501 MHz
ago 13 07:28:08 fedora kernel: clocksource: tsc: mask: 0xffffffffffffffff max_cycles: 0x1cc1bcc0347, max_idle_ns: 881590540079 ns
ago 13 07:28:08 fedora kernel: clocksource: Switched to clocksource tsc
ago 13 07:28:08 fedora kernel: Freeing initrd memory: 85932K
ago 13 07:28:08 fedora kernel: NET: Registered PF_ALG protocol family
ago 13 07:28:08 fedora kernel: xor: measuring software checksum speed
ago 13 07:28:08 fedora kernel:    prefetch64-sse  :  2385 MB/sec
ago 13 07:28:08 fedora kernel:    generic_sse     :  2210 MB/sec
ago 13 07:28:08 fedora kernel: xor: using function: prefetch64-sse (2385 MB/sec)
ago 13 07:28:08 fedora kernel: Key type asymmetric registered
ago 13 07:28:08 fedora kernel: Asymmetric key parser 'x509' registered
ago 13 07:28:08 fedora kernel: Block layer SCSI generic (bsg) driver version 0.4 loaded (major 245)
ago 13 07:28:08 fedora kernel: io scheduler mq-deadline registered
ago 13 07:28:08 fedora kernel: io scheduler kyber registered
ago 13 07:28:08 fedora kernel: io scheduler bfq registered
ago 13 07:28:08 fedora kernel: atomic64_test: passed for x86-64 platform with CX8 and with SSE
ago 13 07:28:08 fedora kernel: ACPI: AC: AC Adapter [ACAD] (on-line)
ago 13 07:28:08 fedora kernel: input: Power Button as /devices/LNXSYSTM:00/LNXSYBUS:00/PNP0C0C:00/input/input0
ago 13 07:28:08 fedora kernel: ACPI: button: Power Button [PWRB]
ago 13 07:28:08 fedora kernel: input: Sleep Button as /devices/LNXSYSTM:00/LNXSYBUS:00/PNP0C0E:00/input/input1
ago 13 07:28:08 fedora kernel: ACPI: button: Sleep Button [SLPB]
ago 13 07:28:08 fedora kernel: input: Lid Switch as /devices/LNXSYSTM:00/LNXSYBUS:00/PNP0C0D:00/input/input2
ago 13 07:28:08 fedora kernel: ACPI: button: Lid Switch [LID]
ago 13 07:28:08 fedora kernel: input: Power Button as /devices/LNXSYSTM:00/LNXPWRBN:00/input/input3
ago 13 07:28:08 fedora kernel: ACPI: button: Power Button [PWRF]
ago 13 07:28:08 fedora kernel: Could not retrieve perf counters (-19)
ago 13 07:28:08 fedora kernel: ACPI: \_TZ_.THRM: _AL0 evaluation failure
ago 13 07:28:08 fedora kernel: ACPI: thermal: [Firmware Bug]: Invalid critical threshold (-274000)
ago 13 07:28:08 fedora kernel: thermal LNXTHERM:00: registered as thermal_zone0
ago 13 07:28:08 fedora kernel: ACPI: thermal: Thermal Zone [THRM] (52 C)
ago 13 07:28:08 fedora kernel: ACPI: \_TZ_.THR1: _AL0 evaluation failure
ago 13 07:28:08 fedora kernel: ACPI: thermal: [Firmware Bug]: Invalid critical threshold (-274000)
ago 13 07:28:08 fedora kernel: thermal LNXTHERM:01: registered as thermal_zone1
ago 13 07:28:08 fedora kernel: ACPI: thermal: Thermal Zone [THR1] (0 C)
ago 13 07:28:08 fedora kernel: Serial: 8250/16550 driver, 32 ports, IRQ sharing enabled
ago 13 07:28:08 fedora kernel: Non-volatile memory driver v1.3
ago 13 07:28:08 fedora kernel: Linux agpgart interface v0.103
ago 13 07:28:08 fedora kernel: ACPI: bus type drm_connector registered
ago 13 07:28:08 fedora kernel: ahci 0000:00:11.0: version 3.0
ago 13 07:28:08 fedora kernel: ahci 0000:00:11.0: AHCI vers 0001.0200, 32 command slots, 3 Gbps, SATA mode
ago 13 07:28:08 fedora kernel: ahci 0000:00:11.0: 2/2 ports implemented (port mask 0x3)
ago 13 07:28:08 fedora kernel: ahci 0000:00:11.0: flags: 64bit ncq sntf ilck pm led clo pmp pio slum part 
ago 13 07:28:08 fedora kernel: scsi host0: ahci
ago 13 07:28:08 fedora kernel: scsi host1: ahci
ago 13 07:28:08 fedora kernel: ata1: SATA max UDMA/133 abar m1024@0xf0248000 port 0xf0248100 irq 19 lpm-pol 3
ago 13 07:28:08 fedora kernel: ata2: SATA max UDMA/133 abar m1024@0xf0248000 port 0xf0248180 irq 19 lpm-pol 3
ago 13 07:28:08 fedora kernel: QUIRK: Enable AMD PLL fix
ago 13 07:28:08 fedora kernel: ohci-pci 0000:00:12.0: OHCI PCI host controller
ago 13 07:28:08 fedora kernel: ohci-pci 0000:00:12.0: new USB bus registered, assigned bus number 1
ago 13 07:28:08 fedora kernel: ohci-pci 0000:00:12.0: irq 18, io mem 0xf0247000
ago 13 07:28:08 fedora kernel: ACPI: battery: Slot [BAT0] (battery present)
ago 13 07:28:08 fedora kernel: usb usb1: New USB device found, idVendor=1d6b, idProduct=0001, bcdDevice= 6.15
ago 13 07:28:08 fedora kernel: usb usb1: New USB device strings: Mfr=3, Product=2, SerialNumber=1
ago 13 07:28:08 fedora kernel: usb usb1: Product: OHCI PCI host controller
ago 13 07:28:08 fedora kernel: usb usb1: Manufacturer: Linux 6.15.9-201.fc42.x86_64 ohci_hcd
ago 13 07:28:08 fedora kernel: usb usb1: SerialNumber: 0000:00:12.0
ago 13 07:28:08 fedora kernel: hub 1-0:1.0: USB hub found
ago 13 07:28:08 fedora kernel: hub 1-0:1.0: 5 ports detected
ago 13 07:28:08 fedora kernel: ehci-pci 0000:00:12.2: EHCI Host Controller
ago 13 07:28:08 fedora kernel: ehci-pci 0000:00:12.2: new USB bus registered, assigned bus number 2
ago 13 07:28:08 fedora kernel: ehci-pci 0000:00:12.2: applying AMD SB700/SB800/Hudson-2/3 EHCI dummy qh workaround
ago 13 07:28:08 fedora kernel: ehci-pci 0000:00:12.2: debug port 1
ago 13 07:28:08 fedora kernel: ehci-pci 0000:00:12.2: irq 17, io mem 0xf0246000
ago 13 07:28:08 fedora kernel: ehci-pci 0000:00:12.2: USB 2.0 started, EHCI 1.00
ago 13 07:28:08 fedora kernel: usb usb2: New USB device found, idVendor=1d6b, idProduct=0002, bcdDevice= 6.15
ago 13 07:28:08 fedora kernel: usb usb2: New USB device strings: Mfr=3, Product=2, SerialNumber=1
ago 13 07:28:08 fedora kernel: usb usb2: Product: EHCI Host Controller
ago 13 07:28:08 fedora kernel: usb usb2: Manufacturer: Linux 6.15.9-201.fc42.x86_64 ehci_hcd
ago 13 07:28:08 fedora kernel: usb usb2: SerialNumber: 0000:00:12.2
ago 13 07:28:08 fedora kernel: hub 2-0:1.0: USB hub found
ago 13 07:28:08 fedora kernel: hub 2-0:1.0: 5 ports detected
ago 13 07:28:08 fedora kernel: hub 1-0:1.0: USB hub found
ago 13 07:28:08 fedora kernel: hub 1-0:1.0: 5 ports detected
ago 13 07:28:08 fedora kernel: ehci-pci 0000:00:13.2: EHCI Host Controller
ago 13 07:28:08 fedora kernel: ehci-pci 0000:00:13.2: new USB bus registered, assigned bus number 3
ago 13 07:28:08 fedora kernel: ehci-pci 0000:00:13.2: applying AMD SB700/SB800/Hudson-2/3 EHCI dummy qh workaround
ago 13 07:28:08 fedora kernel: ehci-pci 0000:00:13.2: debug port 1
ago 13 07:28:08 fedora kernel: ehci-pci 0000:00:13.2: irq 17, io mem 0xf0244000
ago 13 07:28:08 fedora kernel: ehci-pci 0000:00:13.2: USB 2.0 started, EHCI 1.00
ago 13 07:28:08 fedora kernel: usb usb3: New USB device found, idVendor=1d6b, idProduct=0002, bcdDevice= 6.15
ago 13 07:28:08 fedora kernel: usb usb3: New USB device strings: Mfr=3, Product=2, SerialNumber=1
ago 13 07:28:08 fedora kernel: usb usb3: Product: EHCI Host Controller
ago 13 07:28:08 fedora kernel: usb usb3: Manufacturer: Linux 6.15.9-201.fc42.x86_64 ehci_hcd
ago 13 07:28:08 fedora kernel: usb usb3: SerialNumber: 0000:00:13.2
ago 13 07:28:08 fedora kernel: hub 3-0:1.0: USB hub found
ago 13 07:28:08 fedora kernel: hub 3-0:1.0: 5 ports detected
ago 13 07:28:08 fedora kernel: ohci-pci 0000:00:13.0: OHCI PCI host controller
ago 13 07:28:08 fedora kernel: ohci-pci 0000:00:13.0: new USB bus registered, assigned bus number 4
ago 13 07:28:08 fedora kernel: ohci-pci 0000:00:13.0: irq 18, io mem 0xf0245000
ago 13 07:28:08 fedora kernel: usb usb4: New USB device found, idVendor=1d6b, idProduct=0001, bcdDevice= 6.15
ago 13 07:28:08 fedora kernel: usb usb4: New USB device strings: Mfr=3, Product=2, SerialNumber=1
ago 13 07:28:08 fedora kernel: usb usb4: Product: OHCI PCI host controller
ago 13 07:28:08 fedora kernel: usb usb4: Manufacturer: Linux 6.15.9-201.fc42.x86_64 ohci_hcd
ago 13 07:28:08 fedora kernel: usb usb4: SerialNumber: 0000:00:13.0
ago 13 07:28:08 fedora kernel: hub 4-0:1.0: USB hub found
ago 13 07:28:08 fedora kernel: hub 4-0:1.0: 5 ports detected
ago 13 07:28:08 fedora kernel: usbcore: registered new interface driver usbserial_generic
ago 13 07:28:08 fedora kernel: usbserial: USB Serial support registered for generic
ago 13 07:28:08 fedora kernel: i8042: PNP: PS/2 Controller [PNP0303:KBC0,PNP0f13:MSS0] at 0x60,0x64 irq 1,12
ago 13 07:28:08 fedora kernel: serio: i8042 KBD port at 0x60,0x64 irq 1
ago 13 07:28:08 fedora kernel: serio: i8042 AUX port at 0x60,0x64 irq 12
ago 13 07:28:08 fedora kernel: mousedev: PS/2 mouse device common for all mice
ago 13 07:28:08 fedora kernel: rtc_cmos 00:01: RTC can wake from S4
ago 13 07:28:08 fedora kernel: rtc_cmos 00:01: registered as rtc0
ago 13 07:28:08 fedora kernel: rtc_cmos 00:01: setting system clock to 2025-08-13T10:28:05 UTC (1755080885)
ago 13 07:28:08 fedora kernel: rtc_cmos 00:01: alarms up to one month, 114 bytes nvram, hpet irqs
ago 13 07:28:08 fedora kernel: device-mapper: core: CONFIG_IMA_DISABLE_HTABLE is disabled. Duplicate IMA measurements will not be recorded in the IMA log.
ago 13 07:28:08 fedora kernel: device-mapper: uevent: version 1.0.3
ago 13 07:28:08 fedora kernel: device-mapper: ioctl: 4.49.0-ioctl (2025-01-17) initialised: dm-devel@lists.linux.dev
ago 13 07:28:08 fedora kernel: amd_pstate: the _CPC object is not present in SBIOS or ACPI disabled
ago 13 07:28:08 fedora kernel: hid: raw HID events driver (C) Jiri Kosina
ago 13 07:28:08 fedora kernel: usbcore: registered new interface driver usbhid
ago 13 07:28:08 fedora kernel: usbhid: USB HID core driver
ago 13 07:28:08 fedora kernel: drop_monitor: Initializing network drop monitor service
ago 13 07:28:08 fedora kernel: Initializing XFRM netlink socket
ago 13 07:28:08 fedora kernel: NET: Registered PF_INET6 protocol family
ago 13 07:28:08 fedora kernel: input: AT Translated Set 2 keyboard as /devices/platform/i8042/serio0/input/input4
ago 13 07:28:08 fedora kernel: Segment Routing with IPv6
ago 13 07:28:08 fedora kernel: RPL Segment Routing with IPv6
ago 13 07:28:08 fedora kernel: In-situ OAM (IOAM) with IPv6
ago 13 07:28:08 fedora kernel: mip6: Mobile IPv6
ago 13 07:28:08 fedora kernel: NET: Registered PF_PACKET protocol family
ago 13 07:28:08 fedora kernel: microcode: Current revision: 0x05000119
ago 13 07:28:08 fedora kernel: microcode: Updated early from: 0x05000101
ago 13 07:28:08 fedora kernel: IPI shorthand broadcast: enabled
ago 13 07:28:08 fedora kernel: sched_clock: Marking stable (4451008276, 5539378)->(4457848058, -1300404)
ago 13 07:28:08 fedora kernel: registered taskstats version 1
ago 13 07:28:08 fedora kernel: Loading compiled-in X.509 certificates
ago 13 07:28:08 fedora kernel: Loaded X.509 cert 'Fedora kernel signing key: 58d1a2594965c5f6032f90d5cfda64bd133dde49'
ago 13 07:28:08 fedora kernel: Loaded X.509 cert 'Fedora IMA CA: a8a00c31663f853f9c6ff2564872e378af026b28'
ago 13 07:28:08 fedora kernel: ata1: SATA link up 3.0 Gbps (SStatus 123 SControl 300)
ago 13 07:28:08 fedora kernel: ata2: SATA link up 1.5 Gbps (SStatus 113 SControl 300)
ago 13 07:28:08 fedora kernel: ata1.00: ATA-8: WDC WD1600BEVT-60ZCT1, 13.01A13, max UDMA/100
ago 13 07:28:08 fedora kernel: ata1.00: 312581808 sectors, multi 16: LBA48 NCQ (depth 32), AA
ago 13 07:28:08 fedora kernel: ata1.00: configured for UDMA/100
ago 13 07:28:08 fedora kernel: ata2.00: ATAPI: HL-DT-ST DVDRAM GT50N, LC02, max UDMA/33
ago 13 07:28:08 fedora kernel: ata2.00: configured for UDMA/33
ago 13 07:28:08 fedora kernel: usb 1-1: new low-speed USB device number 2 using ohci-pci
ago 13 07:28:08 fedora kernel: scsi 0:0:0:0: Direct-Access     ATA      WDC WD1600BEVT-6 1A13 PQ: 0 ANSI: 5
ago 13 07:28:08 fedora kernel: sd 0:0:0:0: Attached scsi generic sg0 type 0
ago 13 07:28:08 fedora kernel: scsi 1:0:0:0: CD-ROM            HL-DT-ST DVDRAM GT50N     LC02 PQ: 0 ANSI: 5
ago 13 07:28:08 fedora kernel: sd 0:0:0:0: [sda] 312581808 512-byte logical blocks: (160 GB/149 GiB)
ago 13 07:28:08 fedora kernel: sd 0:0:0:0: [sda] Write Protect is off
ago 13 07:28:08 fedora kernel: sd 0:0:0:0: [sda] Mode Sense: 00 3a 00 00
ago 13 07:28:08 fedora kernel: sd 0:0:0:0: [sda] Write cache: enabled, read cache: enabled, doesn't support DPO or FUA
ago 13 07:28:08 fedora kernel: Demotion targets for Node 0: null
ago 13 07:28:08 fedora kernel: page_owner is disabled
ago 13 07:28:08 fedora kernel: sd 0:0:0:0: [sda] Preferred minimum I/O size 512 bytes
ago 13 07:28:08 fedora kernel: Key type .fscrypt registered
ago 13 07:28:08 fedora kernel: Key type fscrypt-provisioning registered
ago 13 07:28:08 fedora kernel: sr 1:0:0:0: [sr0] scsi3-mmc drive: 24x/24x writer dvd-ram cd/rw xa/form2 cdda tray
ago 13 07:28:08 fedora kernel: cdrom: Uniform CD-ROM driver Revision: 3.20
ago 13 07:28:08 fedora kernel: Btrfs loaded, zoned=yes, fsverity=yes
ago 13 07:28:08 fedora kernel: Key type big_key registered
ago 13 07:28:08 fedora kernel: sr 1:0:0:0: Attached scsi CD-ROM sr0
ago 13 07:28:08 fedora kernel: sr 1:0:0:0: Attached scsi generic sg1 type 5
ago 13 07:28:08 fedora kernel:  sda: sda1 sda2 sda3
ago 13 07:28:08 fedora kernel: sd 0:0:0:0: [sda] Attached SCSI disk
ago 13 07:28:08 fedora kernel: Key type encrypted registered
ago 13 07:28:08 fedora kernel: ima: No TPM chip found, activating TPM-bypass!
ago 13 07:28:08 fedora kernel: Loading compiled-in module X.509 certificates
ago 13 07:28:08 fedora kernel: Loaded X.509 cert 'Fedora kernel signing key: 58d1a2594965c5f6032f90d5cfda64bd133dde49'
ago 13 07:28:08 fedora kernel: ima: Allocated hash algorithm: sha256
ago 13 07:28:08 fedora kernel: ima: No architecture policies found
ago 13 07:28:08 fedora kernel: evm: Initialising EVM extended attributes:
ago 13 07:28:08 fedora kernel: evm: security.selinux
ago 13 07:28:08 fedora kernel: evm: security.SMACK64 (disabled)
ago 13 07:28:08 fedora kernel: evm: security.SMACK64EXEC (disabled)
ago 13 07:28:08 fedora kernel: evm: security.SMACK64TRANSMUTE (disabled)
ago 13 07:28:08 fedora kernel: evm: security.SMACK64MMAP (disabled)
ago 13 07:28:08 fedora kernel: evm: security.apparmor (disabled)
ago 13 07:28:08 fedora kernel: evm: security.ima
ago 13 07:28:08 fedora kernel: evm: security.capability
ago 13 07:28:08 fedora kernel: evm: HMAC attrs: 0x1
ago 13 07:28:08 fedora kernel: usb 1-1: New USB device found, idVendor=275d, idProduct=0ba6, bcdDevice= 1.00
ago 13 07:28:08 fedora kernel: usb 1-1: New USB device strings: Mfr=0, Product=1, SerialNumber=0
ago 13 07:28:08 fedora kernel: usb 1-1: Product: USB OPTICAL MOUSE 
ago 13 07:28:08 fedora kernel: input: USB OPTICAL MOUSE  as /devices/pci0000:00/0000:00:12.0/usb1/1-1/1-1:1.0/0003:275D:0BA6.0001/input/input7
ago 13 07:28:08 fedora kernel: hid-generic 0003:275D:0BA6.0001: input,hidraw0: USB HID v1.11 Mouse [USB OPTICAL MOUSE ] on usb-0000:00:12.0-1/input0
ago 13 07:28:08 fedora kernel: alg: No test for 842 (842-scomp)
ago 13 07:28:08 fedora kernel: PM:   Magic number: 5:973:476
ago 13 07:28:08 fedora kernel: RAS: Correctable Errors collector initialized.
ago 13 07:28:08 fedora kernel: clk: Disabling unused clocks
ago 13 07:28:08 fedora kernel: PM: genpd: Disabling unused power domains
ago 13 07:28:08 fedora kernel: Freeing unused decrypted memory: 2028K
ago 13 07:28:08 fedora kernel: Freeing unused kernel image (initmem) memory: 5060K
ago 13 07:28:08 fedora kernel: Write protecting the kernel read-only data: 40960k
ago 13 07:28:08 fedora kernel: Freeing unused kernel image (text/rodata gap) memory: 868K
ago 13 07:28:08 fedora kernel: Freeing unused kernel image (rodata/data gap) memory: 768K
ago 13 07:28:08 fedora kernel: usb 2-2: new high-speed USB device number 3 using ehci-pci
ago 13 07:28:08 fedora kernel: x86/mm: Checked W+X mappings: passed, no W+X pages found.
ago 13 07:28:08 fedora kernel: Run /init as init process
ago 13 07:28:08 fedora kernel:   with arguments:
ago 13 07:28:08 fedora kernel:     /init
ago 13 07:28:08 fedora kernel:     rhgb
ago 13 07:28:08 fedora kernel:   with environment:
ago 13 07:28:08 fedora kernel:     HOME=/
ago 13 07:28:08 fedora kernel:     TERM=linux
ago 13 07:28:08 fedora kernel:     BOOT_IMAGE=(hd0,gpt2)/vmlinuz-6.15.9-201.fc42.x86_64
ago 13 07:28:08 fedora kernel: usb 2-2: New USB device found, idVendor=5986, idProduct=0292, bcdDevice=14.19
ago 13 07:28:08 fedora kernel: usb 2-2: New USB device strings: Mfr=1, Product=2, SerialNumber=0
ago 13 07:28:08 fedora kernel: usb 2-2: Product: Lenovo EasyCamera
ago 13 07:28:08 fedora kernel: usb 2-2: Manufacturer: Bison Corp.
ago 13 07:28:08 fedora kernel: usb 2-4: new high-speed USB device number 4 using ehci-pci
ago 13 07:28:08 fedora kernel: usb 2-4: New USB device found, idVendor=05ac, idProduct=1227, bcdDevice= 0.00
ago 13 07:28:08 fedora kernel: usb 2-4: New USB device strings: Mfr=2, Product=3, SerialNumber=4
ago 13 07:28:08 fedora kernel: usb 2-4: Product: Apple Mobile Device (DFU Mode)
ago 13 07:28:08 fedora kernel: usb 2-4: Manufacturer: Apple Inc.
ago 13 07:28:08 fedora kernel: usb 2-4: SerialNumber: SDOM:01 CPID:8103 CPRV:11 CPFM:03 SCEP:01 BDID:26 ECID:001E44820140801E IBFL:3C SRTG:[iBoot-5540.0.0.400.2]
ago 13 07:28:08 fedora kernel: psmouse serio1: synaptics: queried max coordinates: x [..5772], y [..5086]
ago 13 07:28:08 fedora kernel: psmouse serio1: synaptics: Touchpad model: 1, fw: 7.2, id: 0x1c0b1, caps: 0xd04731/0xa40000/0xa0000/0x0, board id: 0, fw id: 570026
ago 13 07:28:08 fedora kernel: input: SynPS/2 Synaptics TouchPad as /devices/platform/i8042/serio1/input/input6
ago 13 07:28:08 fedora kernel: usbcore: registered new interface driver cp210x
ago 13 07:28:08 fedora kernel: usbserial: USB Serial support registered for cp210x
ago 13 07:28:08 fedora kernel: fuse: init (API version 7.43)
ago 13 07:28:08 fedora kernel: i2c_dev: i2c /dev entries driver
ago 13 07:28:09 fedora kernel: Loading iSCSI transport class v2.0-870.
ago 13 07:28:09 fedora kernel: iscsi: registered transport (tcp)
ago 13 07:28:10 fedora kernel: RPC: Registered named UNIX socket transport module.
ago 13 07:28:10 fedora kernel: RPC: Registered udp transport module.
ago 13 07:28:10 fedora kernel: RPC: Registered tcp transport module.
ago 13 07:28:10 fedora kernel: RPC: Registered tcp-with-tls transport module.
ago 13 07:28:10 fedora kernel: RPC: Registered tcp NFSv4.1 backchannel transport module.
ago 13 07:28:13 fedora kernel: sp5100_tco: SP5100/SB800 TCO WatchDog Timer Driver
ago 13 07:28:13 fedora kernel: sp5100-tco sp5100-tco: Using 0xfed80b00 for watchdog MMIO address
ago 13 07:28:13 fedora kernel: ACPI: video: Video Device [VGA] (multi-head: yes  rom: no  post: no)
ago 13 07:28:13 fedora kernel: input: Video Bus as /devices/LNXSYSTM:00/LNXSYBUS:00/PNP0A08:00/LNXVIDEO:00/input/input8
ago 13 07:28:13 fedora kernel: sp5100-tco sp5100-tco: initialized. heartbeat=60 sec (nowayout=0)
ago 13 07:28:13 fedora kernel: atl1c 0000:02:00.0 enp2s0: renamed from eth0
ago 13 07:28:15 fedora kernel: [drm] radeon kernel modesetting enabled.
ago 13 07:28:15 fedora kernel: radeon 0000:00:01.0: vgaarb: deactivate vga console
ago 13 07:28:15 fedora kernel: Console: switching to colour dummy device 80x25
ago 13 07:28:15 fedora kernel: [drm] initializing kernel modesetting (PALM 0x1002:0x9807 0x17AA:0x397C 0x00).
ago 13 07:28:15 fedora kernel: resource: resource sanity check: requesting [mem 0x00000000000c0000-0x00000000000dffff], which spans more than PCI Bus 0000:00 [mem 0x000c0000-0x000cbfff window]
ago 13 07:28:15 fedora kernel: caller pci_map_rom+0x69/0x1c0 mapping multiple BARs
ago 13 07:28:15 fedora kernel: ATOM BIOS: Lenovo
ago 13 07:28:15 fedora kernel: radeon 0000:00:01.0: VRAM: 384M 0x0000000000000000 - 0x0000000017FFFFFF (384M used)
ago 13 07:28:15 fedora kernel: radeon 0000:00:01.0: GTT: 1024M 0x0000000018000000 - 0x0000000057FFFFFF
ago 13 07:28:15 fedora kernel: [drm] Detected VRAM RAM=384M, BAR=256M
ago 13 07:28:15 fedora kernel: [drm] RAM width 32bits DDR
ago 13 07:28:15 fedora kernel: [drm] radeon: 384M of VRAM memory ready
ago 13 07:28:15 fedora kernel: [drm] radeon: 1024M of GTT memory ready.
ago 13 07:28:15 fedora kernel: [drm] Loading PALM Microcode
ago 13 07:28:15 fedora kernel: [drm] Internal thermal controller without fan control
ago 13 07:28:15 fedora kernel: ------------[ cut here ]------------
ago 13 07:28:15 fedora kernel: UBSAN: array-index-out-of-bounds in drivers/gpu/drm/radeon/radeon_atombios.c:2720:34
ago 13 07:28:15 fedora kernel: index 16 is out of range for type 'UCHAR [*]'
ago 13 07:28:15 fedora kernel: CPU: 0 UID: 0 PID: 508 Comm: (udev-worker) Not tainted 6.15.9-201.fc42.x86_64 #1 PREEMPT(lazy) 
ago 13 07:28:15 fedora kernel: Hardware name: LENOVO 20080                           /Inagua, BIOS 41CN28WW(V2.04) 05/03/2012
ago 13 07:28:15 fedora kernel: Call Trace:
ago 13 07:28:15 fedora kernel:  <TASK>
ago 13 07:28:15 fedora kernel:  dump_stack_lvl+0x5d/0x80
ago 13 07:28:15 fedora kernel:  ubsan_epilogue+0x5/0x2b
ago 13 07:28:15 fedora kernel:  __ubsan_handle_out_of_bounds.cold+0x54/0x59
ago 13 07:28:15 fedora kernel:  radeon_atombios_parse_power_table_6+0x3bc/0x3e0 [radeon]
ago 13 07:28:15 fedora kernel:  radeon_atombios_get_power_modes+0x220/0x240 [radeon]
ago 13 07:28:15 fedora kernel:  radeon_pm_init_dpm+0x77/0x240 [radeon]
ago 13 07:28:15 fedora kernel:  evergreen_init+0x154/0x2b0 [radeon]
ago 13 07:28:15 fedora kernel:  radeon_device_init+0x484/0xa60 [radeon]
ago 13 07:28:15 fedora kernel:  ? pci_find_capability+0x79/0xb0
ago 13 07:28:15 fedora kernel:  radeon_driver_load_kms+0xa6/0x230 [radeon]
ago 13 07:28:15 fedora kernel:  radeon_pci_probe+0xef/0x1b0 [radeon]
ago 13 07:28:15 fedora kernel:  local_pci_probe+0x42/0x90
ago 13 07:28:15 fedora kernel:  pci_call_probe+0x5b/0x190
ago 13 07:28:15 fedora kernel:  ? kernfs_create_link+0x61/0xb0
ago 13 07:28:15 fedora kernel:  pci_device_probe+0x95/0x140
ago 13 07:28:15 fedora kernel:  really_probe+0xde/0x340
ago 13 07:28:15 fedora kernel:  ? pm_runtime_barrier+0x55/0x90
ago 13 07:28:15 fedora kernel:  __driver_probe_device+0x78/0x140
ago 13 07:28:15 fedora kernel:  driver_probe_device+0x1f/0xa0
ago 13 07:28:15 fedora kernel:  ? __pfx___driver_attach+0x10/0x10
ago 13 07:28:15 fedora kernel:  __driver_attach+0xcb/0x1e0
ago 13 07:28:15 fedora kernel:  bus_for_each_dev+0x85/0xd0
ago 13 07:28:15 fedora kernel:  bus_add_driver+0x12f/0x210
ago 13 07:28:15 fedora kernel:  ? __pfx_radeon_module_init+0x10/0x10 [radeon]
ago 13 07:28:15 fedora kernel:  driver_register+0x75/0xe0
ago 13 07:28:15 fedora kernel:  ? radeon_register_atpx_handler+0xe/0x30 [radeon]
ago 13 07:28:15 fedora kernel:  do_one_initcall+0x5b/0x300
ago 13 07:28:15 fedora kernel:  do_init_module+0x84/0x260
ago 13 07:28:15 fedora kernel:  init_module_from_file+0x8a/0xe0
ago 13 07:28:15 fedora kernel:  idempotent_init_module+0x114/0x310
ago 13 07:28:15 fedora kernel:  __x64_sys_finit_module+0x67/0xc0
ago 13 07:28:15 fedora kernel:  do_syscall_64+0x7b/0x160
ago 13 07:28:15 fedora kernel:  ? syscall_exit_to_user_mode+0x1d5/0x210
ago 13 07:28:15 fedora kernel:  ? do_syscall_64+0x87/0x160
ago 13 07:28:15 fedora kernel:  ? do_syscall_64+0x87/0x160
ago 13 07:28:15 fedora kernel:  ? exc_page_fault+0x7e/0x1a0
ago 13 07:28:15 fedora kernel:  entry_SYSCALL_64_after_hwframe+0x76/0x7e
ago 13 07:28:15 fedora kernel: RIP: 0033:0x7fa2a388ba4d
ago 13 07:28:15 fedora kernel: Code: ff c3 66 2e 0f 1f 84 00 00 00 00 00 90 f3 0f 1e fa 48 89 f8 48 89 f7 48 89 d6 48 89 ca 4d 89 c2 4d 89 c8 4c 8b 4c 24 08 0f 05 <48> 3d 01 f0 ff ff 73 01 c3 48 8b 0d 83 53 0f 00 f7 d8 64 89 01 48
ago 13 07:28:15 fedora kernel: RSP: 002b:00007ffc0de93aa8 EFLAGS: 00000246 ORIG_RAX: 0000000000000139
ago 13 07:28:15 fedora kernel: RAX: ffffffffffffffda RBX: 000056539dc42d60 RCX: 00007fa2a388ba4d
ago 13 07:28:15 fedora kernel: RDX: 0000000000000004 RSI: 00007fa2a24de965 RDI: 000000000000001b
ago 13 07:28:15 fedora kernel: RBP: 00007ffc0de93b60 R08: 0000000000000000 R09: 00007ffc0de93b10
ago 13 07:28:15 fedora kernel: R10: 0000000000000000 R11: 0000000000000246 R12: 0000000000020000
ago 13 07:28:15 fedora kernel: R13: 000056539dc3ca90 R14: 00007fa2a24de965 R15: 0000000000000000
ago 13 07:28:15 fedora kernel:  </TASK>
ago 13 07:28:15 fedora kernel: ---[ end trace ]---
ago 13 07:28:15 fedora kernel: [drm] Found smc ucode version: 0x00010601
ago 13 07:28:15 fedora kernel: [drm] radeon: dpm initialized
ago 13 07:28:15 fedora kernel: [drm] GART: num cpu pages 262144, num gpu pages 262144
ago 13 07:28:15 fedora kernel: [drm] PCIE GART of 1024M enabled (table at 0x0000000000162000).
ago 13 07:28:15 fedora kernel: radeon 0000:00:01.0: WB enabled
ago 13 07:28:15 fedora kernel: radeon 0000:00:01.0: fence driver on ring 0 uses gpu addr 0x0000000018000c00
ago 13 07:28:15 fedora kernel: radeon 0000:00:01.0: fence driver on ring 3 uses gpu addr 0x0000000018000c0c
ago 13 07:28:15 fedora kernel: radeon 0000:00:01.0: fence driver on ring 5 uses gpu addr 0x0000000000072118
ago 13 07:28:15 fedora kernel: radeon 0000:00:01.0: radeon: MSI limited to 32-bit
ago 13 07:28:15 fedora kernel: radeon 0000:00:01.0: radeon: using MSI.
ago 13 07:28:15 fedora kernel: [drm] radeon: irq initialized.
ago 13 07:28:15 fedora kernel: [drm] ring test on 0 succeeded in 1 usecs
ago 13 07:28:15 fedora kernel: [drm] ring test on 3 succeeded in 3 usecs
ago 13 07:28:15 fedora kernel: [drm] ring test on 5 succeeded in 2 usecs
ago 13 07:28:15 fedora kernel: [drm] UVD initialized successfully.
ago 13 07:28:15 fedora kernel: [drm] ib test on ring 0 succeeded in 0 usecs
ago 13 07:28:15 fedora kernel: [drm] ib test on ring 3 succeeded in 0 usecs
ago 13 07:28:15 fedora kernel: [drm] ib test on ring 5 succeeded
ago 13 07:28:15 fedora kernel: radeon 0000:00:01.0: [drm] Skipping radeon atom DIG backlight registration
ago 13 07:28:15 fedora kernel: acpi device:00: registered as cooling_device2
ago 13 07:28:15 fedora kernel: [drm] Radeon Display Connectors
ago 13 07:28:15 fedora kernel: [drm] Connector 0:
ago 13 07:28:15 fedora kernel: [drm]   LVDS-1
ago 13 07:28:15 fedora kernel: [drm]   HPD1
ago 13 07:28:15 fedora kernel: [drm]   DDC: 0x6430 0x6430 0x6434 0x6434 0x6438 0x6438 0x643c 0x643c
ago 13 07:28:15 fedora kernel: [drm]   Encoders:
ago 13 07:28:15 fedora kernel: [drm]     LCD1: INTERNAL_UNIPHY
ago 13 07:28:15 fedora kernel: [drm] Connector 1:
ago 13 07:28:15 fedora kernel: [drm]   HDMI-A-1
ago 13 07:28:15 fedora kernel: [drm]   HPD2
ago 13 07:28:15 fedora kernel: [drm]   DDC: 0x6440 0x6440 0x6444 0x6444 0x6448 0x6448 0x644c 0x644c
ago 13 07:28:15 fedora kernel: [drm]   Encoders:
ago 13 07:28:15 fedora kernel: [drm]     DFP1: INTERNAL_UNIPHY
ago 13 07:28:15 fedora kernel: [drm] Connector 2:
ago 13 07:28:15 fedora kernel: [drm]   VGA-1
ago 13 07:28:15 fedora kernel: [drm]   DDC: 0x64d8 0x64d8 0x64dc 0x64dc 0x64e0 0x64e0 0x64e4 0x64e4
ago 13 07:28:15 fedora kernel: [drm]   Encoders:
ago 13 07:28:15 fedora kernel: [drm]     CRT1: INTERNAL_KLDSCP_DAC1
ago 13 07:28:15 fedora kernel: [drm] Initialized radeon 2.50.0 for 0000:00:01.0 on minor 0
ago 13 07:28:16 fedora kernel: [drm] fb mappable at 0xE0366000
ago 13 07:28:16 fedora kernel: [drm] vram apper at 0xE0000000
ago 13 07:28:16 fedora kernel: [drm] size 4325376
ago 13 07:28:16 fedora kernel: [drm] fb depth is 24
ago 13 07:28:16 fedora kernel: [drm]    pitch is 5632
ago 13 07:28:16 fedora kernel: fbcon: radeondrmfb (fb0) is primary device
ago 13 07:28:16 fedora kernel: Console: switching to colour frame buffer device 170x48
ago 13 07:28:16 fedora kernel: radeon 0000:00:01.0: [drm] fb0: radeondrmfb frame buffer device
ago 13 07:28:21 fedora kernel: clocksource: Long readout interval, skipping watchdog check: cs_nsec: 1140591246 wd_nsec: 1140590144
ago 13 07:28:52 fedora kernel: [drm] amdgpu kernel modesetting enabled.
ago 13 07:28:52 fedora kernel: amdgpu: Virtual CRAT table created for CPU
ago 13 07:28:52 fedora kernel: amdgpu: Topology: Add CPU node
ago 13 07:28:53 fedora kernel: BTRFS: device label fedora devid 1 transid 1164 /dev/sda3 (8:3) scanned by mount (618)
ago 13 07:28:53 fedora kernel: BTRFS info (device sda3): first mount of filesystem 53cfceb7-6feb-4899-9ff8-ccc268f6f3e9
ago 13 07:28:53 fedora kernel: BTRFS info (device sda3): using crc32c (crc32c-generic) checksum algorithm
ago 13 07:28:53 fedora kernel: BTRFS info (device sda3): using free-space-tree
ago 13 07:28:53 fedora kernel: random: crng init done
ago 13 07:29:07 fedora kernel: audit: type=1404 audit(1755080937.469:2): enforcing=1 old_enforcing=0 auid=4294967295 ses=4294967295 enabled=1 old-enabled=1 lsm=selinux res=1
ago 13 07:29:07 fedora kernel: SELinux:  Permission firmware_load in class system not defined in policy.
ago 13 07:29:07 fedora kernel: SELinux:  Permission kexec_image_load in class system not defined in policy.
ago 13 07:29:07 fedora kernel: SELinux:  Permission kexec_initramfs_load in class system not defined in policy.
ago 13 07:29:07 fedora kernel: SELinux:  Permission policy_load in class system not defined in policy.
ago 13 07:29:07 fedora kernel: SELinux:  Permission x509_certificate_load in class system not defined in policy.
ago 13 07:29:07 fedora kernel: SELinux:  Permission nlmsg in class netlink_route_socket not defined in policy.
ago 13 07:29:07 fedora kernel: SELinux:  Permission nlmsg in class netlink_tcpdiag_socket not defined in policy.
ago 13 07:29:07 fedora kernel: SELinux:  Permission nlmsg in class netlink_xfrm_socket not defined in policy.
ago 13 07:29:07 fedora kernel: SELinux:  Permission nlmsg in class netlink_audit_socket not defined in policy.
ago 13 07:29:07 fedora kernel: SELinux:  Permission allowed in class io_uring not defined in policy.
ago 13 07:29:07 fedora kernel: SELinux: the above unknown classes and permissions will be allowed
ago 13 07:29:07 fedora kernel: SELinux:  policy capability network_peer_controls=1
ago 13 07:29:07 fedora kernel: SELinux:  policy capability open_perms=1
ago 13 07:29:07 fedora kernel: SELinux:  policy capability extended_socket_class=1
ago 13 07:29:07 fedora kernel: SELinux:  policy capability always_check_network=0
ago 13 07:29:07 fedora kernel: SELinux:  policy capability cgroup_seclabel=1
ago 13 07:29:07 fedora kernel: SELinux:  policy capability nnp_nosuid_transition=1
ago 13 07:29:07 fedora kernel: SELinux:  policy capability genfs_seclabel_symlinks=1
ago 13 07:29:07 fedora kernel: SELinux:  policy capability ioctl_skip_cloexec=0
ago 13 07:29:07 fedora kernel: SELinux:  policy capability userspace_initial_context=0
ago 13 07:29:07 fedora kernel: SELinux:  policy capability netlink_xperm=0
ago 13 07:29:07 fedora kernel: SELinux:  policy capability netif_wildcard=0
ago 13 07:29:07 fedora kernel: audit: type=1403 audit(1755080938.025:3): auid=4294967295 ses=4294967295 lsm=selinux res=1
ago 13 07:29:07 fedora kernel: zram: Added device: zram0
ago 13 07:29:07 fedora kernel: loop: module loaded
ago 13 07:29:07 fedora kernel: audit: type=1130 audit(1755080947.139:4): pid=1 uid=0 auid=4294967295 ses=4294967295 subj=system_u:system_r:init_t:s0 msg='unit=lvm2-monitor comm="systemd" exe="/usr/lib/systemd/systemd" hostname=? addr=? terminal=? res=success'
ago 13 07:29:07 fedora kernel: audit: type=1130 audit(1755080947.165:5): pid=1 uid=0 auid=4294967295 ses=4294967295 subj=system_u:system_r:init_t:s0 msg='unit=systemd-journald comm="systemd" exe="/usr/lib/systemd/systemd" hostname=? addr=? terminal=? res=success'
ago 13 07:29:07 fedora kernel: audit: type=1130 audit(1755080947.336:6): pid=1 uid=0 auid=4294967295 ses=4294967295 subj=system_u:system_r:init_t:s0 msg='unit=systemd-sysctl comm="systemd" exe="/usr/lib/systemd/systemd" hostname=? addr=? terminal=? res=success'
ago 13 07:29:07 fedora kernel: audit: type=1130 audit(1755080947.375:7): pid=1 uid=0 auid=4294967295 ses=4294967295 subj=system_u:system_r:init_t:s0 msg='unit=systemd-udev-load-credentials comm="systemd" exe="/usr/lib/systemd/systemd" hostname=? addr=? terminal=? res=success'
ago 13 07:29:07 fedora kernel: audit: type=1334 audit(1755080947.411:8): prog-id=54 op=LOAD
ago 13 07:29:07 fedora kernel: audit: type=1334 audit(1755080947.413:9): prog-id=55 op=LOAD
ago 13 07:29:07 fedora kernel: audit: type=1334 audit(1755080947.414:10): prog-id=56 op=LOAD
ago 13 07:29:08 fedora kernel: audit: type=1130 audit(1755080948.047:11): pid=1 uid=0 auid=4294967295 ses=4294967295 subj=system_u:system_r:init_t:s0 msg='unit=systemd-udev-trigger comm="systemd" exe="/usr/lib/systemd/systemd" hostname=? addr=? terminal=? res=success'
ago 13 07:29:08 fedora kernel: BTRFS info (device sda3 state M): use zstd compression, level 1
ago 13 07:29:08 fedora kernel: audit: type=1130 audit(1755080948.667:12): pid=1 uid=0 auid=4294967295 ses=4294967295 subj=system_u:system_r:init_t:s0 msg='unit=systemd-remount-fs comm="systemd" exe="/usr/lib/systemd/systemd" hostname=? addr=? terminal=? res=success'
ago 13 07:29:24 fedora kernel: audit: type=1130 audit(1755080948.830:13): pid=1 uid=0 auid=4294967295 ses=4294967295 subj=system_u:system_r:init_t:s0 msg='unit=systemd-userdbd comm="systemd" exe="/usr/lib/systemd/systemd" hostname=? addr=? terminal=? res=success'
ago 13 07:29:24 fedora kernel: kauditd_printk_skb: 4 callbacks suppressed
ago 13 07:29:24 fedora kernel: audit: type=1130 audit(1755080962.988:18): pid=1 uid=0 auid=4294967295 ses=4294967295 subj=system_u:system_r:init_t:s0 msg='unit=systemd-hwdb-update comm="systemd" exe="/usr/lib/systemd/systemd" hostname=? addr=? terminal=? res=success'
ago 13 07:29:24 fedora kernel: audit: type=1334 audit(1755080962.993:19): prog-id=26 op=UNLOAD
ago 13 07:29:24 fedora kernel: audit: type=1334 audit(1755080962.994:20): prog-id=25 op=UNLOAD
ago 13 07:29:24 fedora kernel: audit: type=1334 audit(1755080962.999:21): prog-id=57 op=LOAD
ago 13 07:29:24 fedora kernel: audit: type=1334 audit(1755080962.999:22): prog-id=58 op=LOAD
ago 13 07:29:24 fedora kernel: audit: type=1130 audit(1755080964.700:23): pid=1 uid=0 auid=4294967295 ses=4294967295 subj=system_u:system_r:init_t:s0 msg='unit=systemd-journal-flush comm="systemd" exe="/usr/lib/systemd/systemd" hostname=? addr=? terminal=? res=success'
ago 13 07:29:25 fedora kernel: audit: type=1130 audit(1755080965.016:24): pid=1 uid=0 auid=4294967295 ses=4294967295 subj=system_u:system_r:init_t:s0 msg='unit=systemd-udevd comm="systemd" exe="/usr/lib/systemd/systemd" hostname=? addr=? terminal=? res=success'
ago 13 07:29:25 fedora kernel: audit: type=1130 audit(1755080965.213:25): pid=1 uid=0 auid=4294967295 ses=4294967295 subj=system_u:system_r:init_t:s0 msg='unit=modprobe@configfs comm="systemd" exe="/usr/lib/systemd/systemd" hostname=? addr=? terminal=? res=success'
ago 13 07:29:25 fedora kernel: audit: type=1131 audit(1755080965.214:26): pid=1 uid=0 auid=4294967295 ses=4294967295 subj=system_u:system_r:init_t:s0 msg='unit=modprobe@configfs comm="systemd" exe="/usr/lib/systemd/systemd" hostname=? addr=? terminal=? res=success'
ago 13 07:29:25 fedora kernel: audit: type=1130 audit(1755080965.284:27): pid=1 uid=0 auid=4294967295 ses=4294967295 subj=system_u:system_r:init_t:s0 msg='unit=modprobe@fuse comm="systemd" exe="/usr/lib/systemd/systemd" hostname=? addr=? terminal=? res=success'
ago 13 07:29:25 fedora kernel: zram0: detected capacity change from 0 to 7180288
ago 13 07:29:26 fedora kernel: Adding 3590140k swap on /dev/zram0.  Priority:100 extents:1 across:3590140k SSDsc
ago 13 07:29:28 fedora kernel: kauditd_printk_skb: 2 callbacks suppressed
ago 13 07:29:28 fedora kernel: audit: type=1130 audit(1755080968.040:30): pid=1 uid=0 auid=4294967295 ses=4294967295 subj=system_u:system_r:init_t:s0 msg='unit=systemd-fsck@dev-disk-by\x2duuid-8f48bf87\x2d9e19\x2d426a\x2dad0f\x2d2948e780c241 comm="systemd" exe="/usr/lib/systemd/systemd" hostname=? addr=? terminal=? res=success'
ago 13 07:29:28 fedora kernel: audit: type=1130 audit(1755080968.248:31): pid=1 uid=0 auid=4294967295 ses=4294967295 subj=system_u:system_r:init_t:s0 msg='unit=systemd-backlight@backlight:acpi_video0 comm="systemd" exe="/usr/lib/systemd/systemd" hostname=? addr=? terminal=? res=success'
ago 13 07:29:28 fedora kernel: EXT4-fs (sda2): mounted filesystem 8f48bf87-9e19-426a-ad0f-2948e780c241 r/w with ordered data mode. Quota mode: none.
ago 13 07:29:28 fedora kernel: input: Ideapad extra buttons as /devices/pci0000:00/0000:00:14.3/PNP0C09:00/VPC2004:00/input/input9
ago 13 07:29:28 fedora kernel: ideapad_acpi VPC2004:00: Keyboard backlight control not available
ago 13 07:29:28 fedora kernel: ideapad_acpi VPC2004:00: FnLock control not available
ago 13 07:29:28 fedora kernel: ideapad_acpi VPC2004:00: DYTC interface is not available
ago 13 07:29:28 fedora kernel: piix4_smbus 0000:00:14.0: SMBus Host Controller at 0xb00, revision 0
ago 13 07:29:28 fedora kernel: piix4_smbus 0000:00:14.0: Using register 0x2c for SMBus port selection
ago 13 07:29:28 fedora kernel: i2c i2c-8: Successfully instantiated SPD at 0x50
ago 13 07:29:28 fedora kernel: piix4_smbus 0000:00:14.0: Auxiliary SMBus Host Controller at 0xb20
ago 13 07:29:28 fedora kernel: i2c i2c-12: Successfully instantiated SPD at 0x50
ago 13 07:29:29 fedora kernel: acpi_cpufreq: overriding BIOS provided _PSD data
ago 13 07:29:29 fedora kernel: input: PC Speaker as /devices/platform/pcspkr/input/input10
ago 13 07:29:29 fedora kernel: usbcore: registered new device driver apple-mfi-fastcharge
ago 13 07:29:29 fedora kernel: audit: type=1130 audit(1755080969.409:32): pid=1 uid=0 auid=4294967295 ses=4294967295 subj=system_u:system_r:init_t:s0 msg='unit=plymouth-read-write comm="systemd" exe="/usr/lib/systemd/systemd" hostname=? addr=? terminal=? res=success'
ago 13 07:29:29 fedora kernel: audit: type=1130 audit(1755080969.918:33): pid=1 uid=0 auid=4294967295 ses=4294967295 subj=system_u:system_r:init_t:s0 msg='unit=systemd-rfkill comm="systemd" exe="/usr/lib/systemd/systemd" hostname=? addr=? terminal=? res=success'
ago 13 07:29:29 fedora kernel: mc: Linux media interface: v0.10
ago 13 07:29:30 fedora kernel: audit: type=1131 audit(1755080970.091:34): pid=1 uid=0 auid=4294967295 ses=4294967295 subj=system_u:system_r:init_t:s0 msg='unit=systemd-vconsole-setup comm="systemd" exe="/usr/lib/systemd/systemd" hostname=? addr=? terminal=? res=success'
ago 13 07:29:30 fedora kernel: audit: type=1130 audit(1755080970.180:35): pid=1 uid=0 auid=4294967295 ses=4294967295 subj=system_u:system_r:init_t:s0 msg='unit=systemd-vconsole-setup comm="systemd" exe="/usr/lib/systemd/systemd" hostname=? addr=? terminal=? res=success'
ago 13 07:29:30 fedora kernel: audit: type=1131 audit(1755080970.180:36): pid=1 uid=0 auid=4294967295 ses=4294967295 subj=system_u:system_r:init_t:s0 msg='unit=systemd-vconsole-setup comm="systemd" exe="/usr/lib/systemd/systemd" hostname=? addr=? terminal=? res=success'
ago 13 07:29:30 fedora kernel: videodev: Linux video capture interface: v2.00
ago 13 07:29:30 fedora kernel: audit: type=1130 audit(1755080970.807:37): pid=1 uid=0 auid=4294967295 ses=4294967295 subj=system_u:system_r:init_t:s0 msg='unit=systemd-tmpfiles-setup comm="systemd" exe="/usr/lib/systemd/systemd" hostname=? addr=? terminal=? res=success'
ago 13 07:29:30 fedora kernel: at24 8-0050: supply vcc not found, using dummy regulator
ago 13 07:29:30 fedora kernel: at24 8-0050: 256 byte spd EEPROM, read-only
ago 13 07:29:30 fedora kernel: at24 12-0050: supply vcc not found, using dummy regulator
ago 13 07:29:30 fedora kernel: at24 12-0050: 256 byte spd EEPROM, read-only
ago 13 07:29:30 fedora kernel: audit: type=1334 audit(1755080970.979:38): prog-id=59 op=LOAD
ago 13 07:29:30 fedora kernel: audit: type=1334 audit(1755080970.987:39): prog-id=60 op=LOAD
ago 13 07:29:32 fedora kernel: cfg80211: Loading compiled-in X.509 certificates for regulatory database
ago 13 07:29:32 fedora kernel: Loaded X.509 cert 'sforshee: 00b28ddf47aef9cea7'
ago 13 07:29:32 fedora kernel: Loaded X.509 cert 'wens: 61c038651aabdcf94bd0ac7ff06c7248db18c600'
ago 13 07:29:33 fedora kernel: kvm_amd: Nested Virtualization enabled
ago 13 07:29:33 fedora kernel: kvm_amd: Nested Paging enabled
ago 13 07:29:33 fedora kernel: kvm_amd: LBR virtualization supported
ago 13 07:29:33 fedora kernel: snd_hda_codec_conexant hdaudioC0D0: CX20590: BIOS auto-probing.
ago 13 07:29:33 fedora kernel: snd_hda_codec_conexant hdaudioC0D0: CX20590: picked fixup  for PCI SSID 17aa:397b
ago 13 07:29:33 fedora kernel: snd_hda_codec_conexant hdaudioC0D0: autoconfig for CX20590: line_outs=1 (0x1f/0x0/0x0/0x0/0x0) type:speaker
ago 13 07:29:33 fedora kernel: snd_hda_codec_conexant hdaudioC0D0:    speaker_outs=0 (0x0/0x0/0x0/0x0/0x0)
ago 13 07:29:33 fedora kernel: snd_hda_codec_conexant hdaudioC0D0:    hp_outs=1 (0x19/0x0/0x0/0x0/0x0)
ago 13 07:29:33 fedora kernel: snd_hda_codec_conexant hdaudioC0D0:    mono: mono_out=0x0
ago 13 07:29:33 fedora kernel: snd_hda_codec_conexant hdaudioC0D0:    inputs:
ago 13 07:29:33 fedora kernel: snd_hda_codec_conexant hdaudioC0D0:      Internal Mic=0x1a
ago 13 07:29:33 fedora kernel: snd_hda_codec_conexant hdaudioC0D0:      Mic=0x1b
ago 13 07:29:33 fedora kernel: input: HDA ATI SB Mic as /devices/pci0000:00/0000:00:14.2/sound/card0/input11
ago 13 07:29:33 fedora kernel: input: HDA ATI SB Headphone as /devices/pci0000:00/0000:00:14.2/sound/card0/input12
ago 13 07:29:33 fedora kernel: usb 2-2: Found UVC 1.00 device Lenovo EasyCamera (5986:0292)
ago 13 07:29:33 fedora kernel: input: Lenovo EasyCamera: Lenovo EasyC as /devices/pci0000:00/0000:00:12.2/usb2/2-2/2-2:1.0/input/input13
ago 13 07:29:33 fedora kernel: usbcore: registered new interface driver uvcvideo
ago 13 07:29:35 fedora kernel: ath: phy0: Enable LNA combining
ago 13 07:29:35 fedora kernel: ath: phy0: ASPM enabled: 0x42
ago 13 07:29:35 fedora kernel: ath: EEPROM regdomain: 0x65
ago 13 07:29:35 fedora kernel: ath: EEPROM indicates we should expect a direct regpair map
ago 13 07:29:35 fedora kernel: ath: Country alpha2 being used: 00
ago 13 07:29:35 fedora kernel: ath: Regpair used: 0x65
ago 13 07:29:35 fedora kernel: ieee80211 phy0: Selected rate control algorithm 'minstrel_ht'
ago 13 07:29:35 fedora kernel: ieee80211 phy0: Atheros AR9285 Rev:2 mem=0x000000002d738afe, irq=17
ago 13 07:29:35 fedora kernel: ath9k 0000:03:00.0 wlp3s0: renamed from wlan0
ago 13 07:30:14 fedora kernel: NET: Registered PF_QIPCRTR protocol family
ago 13 07:30:25 fedora kernel: atl1c 0000:02:00.0: atl1c: enp2s0 NIC Link is Up<100 Mbps Full Duplex>
ago 13 07:30:27 fedora kernel: wlp3s0: authenticate with 26:97:45:2c:95:54 (local address=aa:98:f1:91:5f:0c)
ago 13 07:30:27 fedora kernel: wlp3s0: send auth to 26:97:45:2c:95:54 (try 1/3)
ago 13 07:30:27 fedora kernel: wlp3s0: authenticated
ago 13 07:30:27 fedora kernel: wlp3s0: associate with 26:97:45:2c:95:54 (try 1/3)
ago 13 07:30:27 fedora kernel: wlp3s0: RX AssocResp from 26:97:45:2c:95:54 (capab=0x1431 status=0 aid=7)
ago 13 07:30:27 fedora kernel: wlp3s0: associated
ago 13 07:30:50 fedora kernel: rfkill: input handler disabled
ago 13 07:31:30 fedora kernel: rfkill: input handler enabled
ago 13 07:31:43 fedora kernel: rfkill: input handler disabled
ago 13 07:36:10 fedora kernel: perf: interrupt took too long (2534 > 2500), lowering kernel.perf_event_max_sample_rate to 78000
ago 13 07:38:02 fedora kernel: perf: interrupt took too long (3199 > 3167), lowering kernel.perf_event_max_sample_rate to 62000
ago 13 07:43:33 fedora kernel: perf: interrupt took too long (4018 > 3998), lowering kernel.perf_event_max_sample_rate to 49000
ago 13 07:57:44 fedora kernel: perf: interrupt took too long (5053 > 5022), lowering kernel.perf_event_max_sample_rate to 39000
ago 13 08:59:32 fedora kernel: NILFS version 2 loaded
ago 13 08:59:37 fedora kernel: SGI XFS with ACLs, security attributes, realtime, scrub, quota, no debug enabled
ago 13 09:20:43 fedora kernel: dummy_hcd dummy_hcd.0: USB Host+Gadget Emulator, driver 02 May 2005
ago 13 09:20:43 fedora kernel: dummy_hcd dummy_hcd.0: Dummy host controller
ago 13 09:20:43 fedora kernel: dummy_hcd dummy_hcd.0: new USB bus registered, assigned bus number 5
ago 13 09:20:43 fedora kernel: usb usb5: New USB device found, idVendor=1d6b, idProduct=0002, bcdDevice= 6.15
ago 13 09:20:43 fedora kernel: usb usb5: New USB device strings: Mfr=3, Product=2, SerialNumber=1
ago 13 09:20:43 fedora kernel: usb usb5: Product: Dummy host controller
ago 13 09:20:43 fedora kernel: usb usb5: Manufacturer: Linux 6.15.9-201.fc42.x86_64 dummy_hcd
ago 13 09:20:43 fedora kernel: usb usb5: SerialNumber: dummy_hcd.0
ago 13 09:20:43 fedora kernel: hub 5-0:1.0: USB hub found
ago 13 09:20:43 fedora kernel: hub 5-0:1.0: 1 port detected
ago 13 09:24:42 fedora kernel: Config c/1 of test_gadget needs at least one function.
ago 13 09:24:42 fedora kernel: udc dummy_udc.0: failed to start test_gadget: -22
ago 13 09:24:42 fedora kernel: configfs-gadget.test_gadget gadget.0: probe with driver configfs-gadget.test_gadget failed with error -22
ago 13 09:24:42 fedora kernel: UDC core: test_gadget: couldn't find an available UDC or it's busy
ago 13 14:31:56 fedora kernel: apple-mfi-fastcharge 2-4: USB disconnect, device number 4
ago 13 14:32:01 fedora kernel: usb 2-4: new high-speed USB device number 5 using ehci-pci
ago 13 14:32:01 fedora kernel: usb 2-4: New USB device found, idVendor=05ac, idProduct=1227, bcdDevice= 0.00
ago 13 14:32:01 fedora kernel: usb 2-4: New USB device strings: Mfr=2, Product=3, SerialNumber=4
ago 13 14:32:01 fedora kernel: usb 2-4: Product: Apple Mobile Device (DFU Mode)
ago 13 14:32:01 fedora kernel: usb 2-4: Manufacturer: Apple Inc.
ago 13 14:32:01 fedora kernel: usb 2-4: SerialNumber: SDOM:01 CPID:8103 CPRV:11 CPFM:03 SCEP:01 BDID:26 ECID:001E44820140801E IBFL:3C SRTG:[iBoot-5540.0.0.400.2]
ago 13 14:32:27 fedora kernel: atl1c 0000:02:00.0: atl1c: enp2s0 NIC Link is Down
ago 13 14:32:33 fedora kernel: atl1c 0000:02:00.0: atl1c: enp2s0 NIC Link is Up<100 Mbps Full Duplex>
ago 13 14:32:51 fedora kernel: apple-mfi-fastcharge 2-4: USB disconnect, device number 5
ago 13 14:32:51 fedora kernel: usb 2-4: new high-speed USB device number 6 using ehci-pci
ago 13 14:32:51 fedora kernel: usb 2-4: New USB device found, idVendor=05ac, idProduct=1227, bcdDevice= 0.00
ago 13 14:32:51 fedora kernel: usb 2-4: New USB device strings: Mfr=2, Product=3, SerialNumber=4
